<html>
<body>
<pre>
<h1>µVision Build Log</h1>
<h2>Tool Versions:</h2>
IDE-Version: µVision V5.22.0.0
Copyright (C) 2016 ARM Ltd and ARM Germany GmbH. All rights reserved.
License Information: Pui Lam Cheng Cornell Flex license: MDK-ARM Professional (Eval) (mdk_pro_eval) Operation stops: 21 May 2017
 
Tool Versions:
Toolchain:       MDK-ARM Professional (Eval)  Version: 5.22
Toolchain Path:  C:\Keil_v5\ARM\ARMCC\Bin
C Compiler:      Armcc.exe V5.06 update 4 (build 422)
Assembler:       Armasm.exe V5.06 update 4 (build 422)
Linker/Locator:  ArmLink.exe V5.06 update 4 (build 422)
Library Manager: ArmAr.exe V5.06 update 4 (build 422)
Hex Converter:   FromElf.exe V5.06 update 4 (build 422)
CPU DLL:         
Dialog DLL:      DCM.DLL V1.13.9.0
Target DLL:      CMSIS_AGDI.dll V1.27.0.0
Dialog DLL:      TCM.DLL V1.21.0.0
 
<h2>Project:</h2>
C:\Users\Pui Lam\Desktop\Cornell Things\Semester 6\CS3420\CS3420 - Lab6\lab6.uvprojx
Project File Date:  05/19/2017

<h2>Output:</h2>
*** Using Compiler 'V5.06 update 4 (build 422)', folder: 'C:\Keil_v5\ARM\ARMCC\Bin'
Build target 'Target 1'
compiling mainMain.cpp...
MyTouch\MyTouch.h(43): warning:  #1-D: last line of file ends without a newline
  		
mainMain.cpp: 1 warning, 0 errors
linking...
Program Size: Code=36848 RO-data=48912 RW-data=220 ZI-data=1204  
".\BUILD\TFT_test_frdm-k64f.axf" - 0 Error(s), 1 Warning(s).

<h2>Collection of Component include folders:</h2>
  C:\Users\Pui Lam\Desktop\Cornell Things\Semester 6\CS3420\CS3420 - Lab6\RTE\_Target_1
  C:\Keil_v5\ARM\PACK\Keil\Kinetis_K60_DFP\1.4.0\Device\Include

<h2>Collection of Component Files used:</h2>
Build Time Elapsed:  00:00:23
</pre>
</body>
</html>
