Component: ARM Compiler 5.06 update 4 (build 422) Tool: armlink [4d35d2]

==============================================================================

Section Cross References

    board.o(i.mbed_die) refers to gpio.o(i.gpio_init_out) for gpio_init_out
    board.o(i.mbed_die) refers to assert.o(i.mbed_assert_internal) for mbed_assert_internal
    board.o(i.mbed_die) refers to fsl_gpio_hal.o(i.gpio_hal_write_pin_output) for gpio_hal_write_pin_output
    board.o(i.mbed_die) refers to wait_api.o(i.wait_ms) for wait_ms
    board.o(i.mbed_die) refers to board.o(.constdata) for .constdata
    cmsis_nvic.o(i.NVIC_SetVector) refers to rt_memmove_w.o(.text) for __aeabi_memmove4
    mbed_overrides.o(i.NMI_Handler) refers to gpio.o(i.gpio_init_in) for gpio_init_in
    retarget.o(i.$Sub$$main) refers to retarget.o(i.mbed_sdk_init) for mbed_sdk_init
    retarget.o(i.$Sub$$main) refers to retarget.o(i.mbed_main) for mbed_main
    retarget.o(i.$Sub$$main) refers to mainmain.o(i.main) for $Super$$main
    retarget.o(i._ZN4mbed10FileHandleD0Ev) refers to delete.o(i._ZdlPv) for operator delete (void*)
    retarget.o(i._ZN4mbed10FileHandleD0Ev) refers to retarget.o(.constdata__ZTVN4mbed10FileHandleE) for vtable for mbed::FileHandle
    retarget.o(i._ZN4mbed10FileHandleD0Ev) refers to retarget.o(.bss) for .bss
    retarget.o(i._ZN4mbed10FileHandleD2Ev) refers to retarget.o(.constdata__ZTVN4mbed10FileHandleE) for vtable for mbed::FileHandle
    retarget.o(i._ZN4mbed10FileHandleD2Ev) refers to retarget.o(.bss) for .bss
    retarget.o(i._sys_close) refers to retarget.o(.bss) for .bss
    retarget.o(i._sys_ensure) refers to retarget.o(.bss) for .bss
    retarget.o(i._sys_flen) refers to retarget.o(.bss) for .bss
    retarget.o(i._sys_istty) refers to retarget.o(.bss) for .bss
    retarget.o(i._sys_open) refers to _scanf_int.o(.text) for _scanf_int
    retarget.o(i._sys_open) refers to strcmpv7m.o(.text) for strcmp
    retarget.o(i._sys_open) refers to serial_api.o(i.serial_init) for serial_init
    retarget.o(i._sys_open) refers to FilePath.o(i._ZN4mbed8FilePathC1EPKc) for mbed::FilePath::FilePath(const char*)
    retarget.o(i._sys_open) refers to FilePath.o(i._ZN4mbed8FilePath6existsEv) for mbed::FilePath::exists()
    retarget.o(i._sys_open) refers to FilePath.o(i._ZN4mbed8FilePath6isFileEv) for mbed::FilePath::isFile()
    retarget.o(i._sys_open) refers to FilePath.o(i._ZN4mbed8FilePath4fileEv) for mbed::FilePath::file()
    retarget.o(i._sys_open) refers to __0sscanf.o(.text) for __0sscanf
    retarget.o(i._sys_open) refers to FilePath.o(i._ZN4mbed8FilePath10fileSystemEv) for mbed::FilePath::fileSystem()
    retarget.o(i._sys_open) refers to FilePath.o(i._ZN4mbed8FilePath8fileNameEv) for mbed::FilePath::fileName()
    retarget.o(i._sys_open) refers to retarget.o(.constdata) for .constdata
    retarget.o(i._sys_open) refers to serial_api.o(.data) for stdio_uart_inited
    retarget.o(i._sys_open) refers to retarget.o(.bss) for .bss
    retarget.o(i._sys_read) refers to serial_api.o(i.serial_init) for serial_init
    retarget.o(i._sys_read) refers to serial_api.o(i.serial_getc) for serial_getc
    retarget.o(i._sys_read) refers to serial_api.o(.data) for stdio_uart_inited
    retarget.o(i._sys_read) refers to retarget.o(.bss) for .bss
    retarget.o(i._sys_seek) refers to retarget.o(.bss) for .bss
    retarget.o(i._sys_write) refers to serial_api.o(i.serial_init) for serial_init
    retarget.o(i._sys_write) refers to serial_api.o(i.serial_putc) for serial_putc
    retarget.o(i._sys_write) refers to serial_api.o(.data) for stdio_uart_inited
    retarget.o(i._sys_write) refers to retarget.o(.bss) for .bss
    retarget.o(i.mkdir) refers to FilePath.o(i._ZN4mbed8FilePathC1EPKc) for mbed::FilePath::FilePath(const char*)
    retarget.o(i.mkdir) refers to FilePath.o(i._ZN4mbed8FilePath10fileSystemEv) for mbed::FilePath::fileSystem()
    retarget.o(i.mkdir) refers to FilePath.o(i._ZN4mbed8FilePath8fileNameEv) for mbed::FilePath::fileName()
    retarget.o(i.opendir) refers to FilePath.o(i._ZN4mbed8FilePathC1EPKc) for mbed::FilePath::FilePath(const char*)
    retarget.o(i.opendir) refers to FilePath.o(i._ZN4mbed8FilePath10fileSystemEv) for mbed::FilePath::fileSystem()
    retarget.o(i.opendir) refers to FilePath.o(i._ZN4mbed8FilePath8fileNameEv) for mbed::FilePath::fileName()
    retarget.o(i.opendir) refers to FileSystemLike.o(i._ZN4mbed14FileSystemLike7opendirEv) for mbed::FileSystemLike::opendir()
    retarget.o(i.remove) refers to FilePath.o(i._ZN4mbed8FilePathC1EPKc) for mbed::FilePath::FilePath(const char*)
    retarget.o(i.remove) refers to FilePath.o(i._ZN4mbed8FilePath10fileSystemEv) for mbed::FilePath::fileSystem()
    retarget.o(i.remove) refers to FilePath.o(i._ZN4mbed8FilePath8fileNameEv) for mbed::FilePath::fileName()
    retarget.o(i.rename) refers to FilePath.o(i._ZN4mbed8FilePathC1EPKc) for mbed::FilePath::FilePath(const char*)
[...]
    GraphicsDisplay::columns()               0x00005085   Thumb Code    24  graphicsdisplay.o(i._ZN15GraphicsDisplay7columnsEv)
    GraphicsDisplay::character(int, int, int) 0x0000509d   Thumb Code    48  graphicsdisplay.o(i._ZN15GraphicsDisplay9characterEiii)
    GraphicsDisplay::GraphicsDisplay__sub_object(const char*) 0x000050d1   Thumb Code    46  graphicsdisplay.o(i._ZN15GraphicsDisplayC2EPKc)
    SPI_TFT_ILI9341::fillcircle(int, int, int, int) 0x00005105   Thumb Code   124  spi_tft_ili9341.o(i._ZN15SPI_TFT_ILI934110fillcircleEiiii)
    SPI_TFT_ILI9341::set_orientation(unsigned) 0x00005181   Thumb Code   102  spi_tft_ili9341.o(i._ZN15SPI_TFT_ILI934115set_orientationEj)
    SPI_TFT_ILI9341::cls()                   0x000051e7   Thumb Code   120  spi_tft_ili9341.o(i._ZN15SPI_TFT_ILI93413clsEv)
    SPI_TFT_ILI9341::rows()                  0x0000525f   Thumb Code    22  spi_tft_ili9341.o(i._ZN15SPI_TFT_ILI93414rowsEv)
    SPI_TFT_ILI9341::_putc(int)              0x00005275   Thumb Code    68  spi_tft_ili9341.o(i._ZN15SPI_TFT_ILI93415_putcEi)
    SPI_TFT_ILI9341::pixel(int, int, int)    0x000052b9   Thumb Code   144  spi_tft_ili9341.o(i._ZN15SPI_TFT_ILI93415pixelEiii)
    SPI_TFT_ILI9341::vline(int, int, int, int) 0x00005349   Thumb Code   114  spi_tft_ili9341.o(i._ZN15SPI_TFT_ILI93415vlineEiiii)
    SPI_TFT_ILI9341::width()                 0x000053bb   Thumb Code    22  spi_tft_ili9341.o(i._ZN15SPI_TFT_ILI93415widthEv)
    SPI_TFT_ILI9341::height()                0x000053d1   Thumb Code    22  spi_tft_ili9341.o(i._ZN15SPI_TFT_ILI93416heightEv)
    SPI_TFT_ILI9341::locate(int, int)        0x000053e7   Thumb Code     6  spi_tft_ili9341.o(i._ZN15SPI_TFT_ILI93416locateEii)
    SPI_TFT_ILI9341::window(unsigned, unsigned, unsigned, unsigned) 0x000053ed   Thumb Code   152  spi_tft_ili9341.o(i._ZN15SPI_TFT_ILI93416windowEjjjj)
    SPI_TFT_ILI9341::wr_cmd(unsigned char)   0x00005485   Thumb Code    48  spi_tft_ili9341.o(i._ZN15SPI_TFT_ILI93416wr_cmdEh)
    SPI_TFT_ILI9341::columns()               0x000054b5   Thumb Code    22  spi_tft_ili9341.o(i._ZN15SPI_TFT_ILI93417columnsEv)
    SPI_TFT_ILI9341::fillrect(int, int, int, int, int) 0x000054cb   Thumb Code   134  spi_tft_ili9341.o(i._ZN15SPI_TFT_ILI93418fillrectEiiiii)
    SPI_TFT_ILI9341::set_font(unsigned char*) 0x00005551   Thumb Code     4  spi_tft_ili9341.o(i._ZN15SPI_TFT_ILI93418set_fontEPh)
    SPI_TFT_ILI9341::WindowMax()             0x00005555   Thumb Code    42  spi_tft_ili9341.o(i._ZN15SPI_TFT_ILI93419WindowMaxEv)
    SPI_TFT_ILI9341::character(int, int, int) 0x0000557f   Thumb Code   292  spi_tft_ili9341.o(i._ZN15SPI_TFT_ILI93419characterEiii)
    SPI_TFT_ILI9341::tft_reset()             0x000056a5   Thumb Code  1156  spi_tft_ili9341.o(i._ZN15SPI_TFT_ILI93419tft_resetEv)
    SPI_TFT_ILI9341::SPI_TFT_ILI9341(PinName, PinName, PinName, PinName, PinName, PinName, const char*) 0x00005b29   Thumb Code   112  spi_tft_ili9341.o(i._ZN15SPI_TFT_ILI9341C1E7PinNameS0_S0_S0_S0_S0_PKc)
    SPI_TFT_ILI9341::SPI_TFT_ILI9341__sub_object(PinName, PinName, PinName, PinName, PinName, PinName, const char*) 0x00005b29   Thumb Code     0  spi_tft_ili9341.o(i._ZN15SPI_TFT_ILI9341C1E7PinNameS0_S0_S0_S0_S0_PKc)
    SPI_TFT_ILI9341::~SPI_TFT_ILI9341()      0x00005b9d   Thumb Code    36  spi_tft_ili9341.o(i._ZN15SPI_TFT_ILI9341D1Ev)
    SPI_TFT_ILI9341::~SPI_TFT_ILI9341__sub_object() 0x00005b9d   Thumb Code     0  spi_tft_ili9341.o(i._ZN15SPI_TFT_ILI9341D1Ev)
    mbed::DigitalOut::write(int)             0x00005bc5   Thumb Code    56  mytouch.o(i._ZN4mbed10DigitalOut5writeEi)
    mbed::DigitalOut::DigitalOut(PinName)    0x00005c1d   Thumb Code    22  spi_tft_ili9341.o(i._ZN4mbed10DigitalOutC1E7PinName)
    mbed::DigitalOut::DigitalOut__sub_object(PinName) 0x00005c1d   Thumb Code     0  spi_tft_ili9341.o(i._ZN4mbed10DigitalOutC1E7PinName)
    mbed::DigitalOut::operator =(int)        0x00005c35   Thumb Code    66  spi_stmpe610.o(i._ZN4mbed10DigitalOutaSEi)
    mbed::FileHandle::flen()                 0x00005c99   Thumb Code    58  retarget.o(i._ZN4mbed10FileHandle4flenEv)
    mbed::FileHandle::~FileHandle()          0x00005cd5   Thumb Code     0  retarget.o(i._ZN4mbed10FileHandleD2Ev)
    mbed::FileHandle::~FileHandle__sub_object() 0x00005cd5   Thumb Code    38  retarget.o(i._ZN4mbed10FileHandleD2Ev)
    mbed::InterruptIn::_irq_handler(unsigned, gpio_irq_event) 0x00005d05   Thumb Code    28  InterruptIn.o(i._ZN4mbed11InterruptIn12_irq_handlerEj14gpio_irq_event)
    mbed::InterruptIn::fall(void(*)())       0x00005d21   Thumb Code    44  InterruptIn.o(i._ZN4mbed11InterruptIn4fallEPFvvE)
    mbed::InterruptIn::InterruptIn(PinName)  0x00005d4d   Thumb Code    62  InterruptIn.o(i._ZN4mbed11InterruptInC1E7PinName)
    mbed::InterruptIn::InterruptIn__sub_object(PinName) 0x00005d4d   Thumb Code     0  InterruptIn.o(i._ZN4mbed11InterruptInC1E7PinName)
    mbed::InterruptIn::~InterruptIn()        0x00005d95   Thumb Code    20  InterruptIn.o(i._ZN4mbed11InterruptInD1Ev)
    mbed::InterruptIn::~InterruptIn__sub_object() 0x00005d95   Thumb Code     0  InterruptIn.o(i._ZN4mbed11InterruptInD1Ev)
    mbed::FunctionPointer::call()            0x00005dad   Thumb Code    24  FunctionPointer.o(i._ZN4mbed15FunctionPointer4callEv)
    mbed::FunctionPointer::attach(void(*)()) 0x00005dc5   Thumb Code     8  FunctionPointer.o(i._ZN4mbed15FunctionPointer6attachEPFvvE)
    mbed::FunctionPointer::FunctionPointer(void(*)()) 0x00005dcd   Thumb Code    10  FunctionPointer.o(i._ZN4mbed15FunctionPointerC1EPFvvE)
    mbed::FunctionPointer::FunctionPointer__sub_object(void(*)()) 0x00005dcd   Thumb Code     0  FunctionPointer.o(i._ZN4mbed15FunctionPointerC1EPFvvE)
    mbed::I2C::read(int, char*, int, bool)   0x00005dd9   Thumb Code    68  I2C.o(i._ZN4mbed3I2C4readEiPcib)
    mbed::I2C::write(int, const char*, int, bool) 0x00005e21   Thumb Code    68  I2C.o(i._ZN4mbed3I2C5writeEiPKcib)
    mbed::I2C::I2C(PinName, PinName)         0x00005e69   Thumb Code    26  I2C.o(i._ZN4mbed3I2CC1E7PinNameS1_)
    mbed::I2C::I2C__sub_object(PinName, PinName) 0x00005e69   Thumb Code     0  I2C.o(i._ZN4mbed3I2CC1E7PinNameS1_)
    mbed::SPI::write(int)                    0x00005e8d   Thumb Code    48  SPI.o(i._ZN4mbed3SPI5writeEi)
    mbed::SPI::format(int, int)              0x00005ec1   Thumb Code    32  SPI.o(i._ZN4mbed3SPI6formatEii)
    mbed::SPI::frequency(int)                0x00005ee5   Thumb Code    36  SPI.o(i._ZN4mbed3SPI9frequencyEi)
    mbed::SPI::SPI(PinName, PinName, PinName, PinName) 0x00005f0d   Thumb Code    60  SPI.o(i._ZN4mbed3SPIC1E7PinNameS1_S1_S1_)
    mbed::SPI::SPI__sub_object(PinName, PinName, PinName, PinName) 0x00005f0d   Thumb Code     0  SPI.o(i._ZN4mbed3SPIC1E7PinNameS1_S1_S1_)
    mbed::Stream::flen()                     0x00005f51   Thumb Code     4  Stream.o(i._ZN4mbed6Stream4flenEv)
    mbed::Stream::close()                    0x00005f55   Thumb Code     4  Stream.o(i._ZN4mbed6Stream5closeEv)
    mbed::Stream::lseek(long, int)           0x00005f59   Thumb Code     4  Stream.o(i._ZN4mbed6Stream5lseekEli)
    mbed::Stream::write(const void*, unsigned) 0x00005f5d   Thumb Code    42  Stream.o(i._ZN4mbed6Stream5writeEPKvj)
    mbed::Stream::isatty()                   0x00005f87   Thumb Code     4  Stream.o(i._ZN4mbed6Stream6isattyEv)
    mbed::Stream::printf(const char*, ...)   0x00005f8b   Thumb Code    30  Stream.o(i._ZN4mbed6Stream6printfEPKcz)
    mbed::Stream::Stream__sub_object(const char*) 0x00005fa9   Thumb Code    54  Stream.o(i._ZN4mbed6StreamC2EPKc)
    mbed::Stream::~Stream()                  0x00005fed   Thumb Code     0  Stream.o(i._ZN4mbed6StreamD2Ev)
    mbed::Stream::~Stream__sub_object()      0x00005fed   Thumb Code    28  Stream.o(i._ZN4mbed6StreamD2Ev)
    mbed::FileBase::getPathType()            0x0000600d   Thumb Code     4  FileBase.o(i._ZN4mbed8FileBase11getPathTypeEv)
    mbed::FileBase::lookup(const char*, unsigned) 0x00006011   Thumb Code    50  FileBase.o(i._ZN4mbed8FileBase6lookupEPKcj)
    mbed::FileBase::FileBase(const char*, mbed::PathType) 0x00006049   Thumb Code    28  FileBase.o(i._ZN4mbed8FileBaseC1EPKcNS_8PathTypeE)
    mbed::FileBase::FileBase__sub_object(const char*, mbed::PathType) 0x00006049   Thumb Code     0  FileBase.o(i._ZN4mbed8FileBaseC1EPKcNS_8PathTypeE)
    mbed::FileBase::~FileBase()              0x0000606d   Thumb Code    46  FileBase.o(i._ZN4mbed8FileBaseD1Ev)
    mbed::FileBase::~FileBase__sub_object()  0x0000606d   Thumb Code     0  FileBase.o(i._ZN4mbed8FileBaseD1Ev)
    mbed::FileLike::FileLike__sub_object(const char*) 0x000060a5   Thumb Code    26  FileLike.o(i._ZN4mbed8FileLikeC2EPKc)
    mbed::FileLike::~FileLike()              0x000060c9   Thumb Code     0  FileLike.o(i._ZN4mbed8FileLikeD2Ev)
    mbed::FileLike::~FileLike__sub_object()  0x000060c9   Thumb Code    18  FileLike.o(i._ZN4mbed8FileLikeD2Ev)
    mbed::FilePath::fileSystem()             0x000060db   Thumb Code    24  FilePath.o(i._ZN4mbed8FilePath10fileSystemEv)
    mbed::FilePath::file()                   0x000060f3   Thumb Code    28  FilePath.o(i._ZN4mbed8FilePath4fileEv)
    mbed::FilePath::exists()                 0x0000610f   Thumb Code    10  FilePath.o(i._ZN4mbed8FilePath6existsEv)
    mbed::FilePath::isFile()                 0x00006119   Thumb Code    24  FilePath.o(i._ZN4mbed8FilePath6isFileEv)
    mbed::FilePath::fileName()               0x00006131   Thumb Code     4  FilePath.o(i._ZN4mbed8FilePath8fileNameEv)
    mbed::FilePath::FilePath(const char*)    0x00006135   Thumb Code    64  FilePath.o(i._ZN4mbed8FilePathC1EPKc)
    mbed::FilePath::FilePath__sub_object(const char*) 0x00006135   Thumb Code     0  FilePath.o(i._ZN4mbed8FilePathC1EPKc)
    MYTOUCH::MYTOUCH(PinName, PinName, PinName, PinName, PinName, unsigned char, void(*)()) 0x00006175   Thumb Code   158  mytouch.o(i._ZN7MYTOUCHC1E7PinNameS0_S0_S0_S0_hPFvvE)
    MYTOUCH::MYTOUCH__sub_object(PinName, PinName, PinName, PinName, PinName, unsigned char, void(*)()) 0x00006175   Thumb Code     0  mytouch.o(i._ZN7MYTOUCHC1E7PinNameS0_S0_S0_S0_hPFvvE)
    MYTOUCH::~MYTOUCH()                      0x00006219   Thumb Code    26  mainmain.o(i._ZN7MYTOUCHD1Ev)
    MYTOUCH::~MYTOUCH__sub_object()          0x00006219   Thumb Code     0  mainmain.o(i._ZN7MYTOUCHD1Ev)
    MMA8451Q::getAccAxis(unsigned char)      0x00006233   Thumb Code    50  mma8451q.o(i._ZN8MMA8451Q10getAccAxisEh)
    MMA8451Q::getAccX()                      0x00006265   Thumb Code    68  mma8451q.o(i._ZN8MMA8451Q7getAccXEv)
    MMA8451Q::getAccY()                      0x000062b1   Thumb Code    68  mma8451q.o(i._ZN8MMA8451Q7getAccYEv)
    MMA8451Q::readRegs(int, unsigned char*, int) 0x000062fd   Thumb Code    52  mma8451q.o(i._ZN8MMA8451Q8readRegsEiPhi)
    MMA8451Q::writeRegs(unsigned char*, int) 0x00006331   Thumb Code    26  mma8451q.o(i._ZN8MMA8451Q9writeRegsEPhi)
    MMA8451Q::MMA8451Q(PinName, PinName, int) 0x0000634d   Thumb Code    44  mma8451q.o(i._ZN8MMA8451QC1E7PinNameS0_i)
    MMA8451Q::MMA8451Q__sub_object(PinName, PinName, int) 0x0000634d   Thumb Code     0  mma8451q.o(i._ZN8MMA8451QC1E7PinNameS0_i)
    operator new[] (unsigned)                0x0000637d   Thumb Code     8  array_new.o(i._Znaj)
    operator new(unsigned)                   0x00006385   Thumb Code    34  new.o(i._Znwj)
    __ARM_fpclassify                         0x000063ad   Thumb Code    48  fpclassify.o(i.__ARM_fpclassify)
    __cxa_pure_virtual                       0x000063dd   Thumb Code     6  pure_virt.o(i.__cxa_pure_virtual)
    __hardfp_sqrt                            0x000063e3   Thumb Code   122  sqrt.o(i.__hardfp_sqrt)
    __user_setup_stackheap                   0x00006501   Thumb Code    10  sys.o(i.__user_setup_stackheap)
    _is_digit                                0x00006511   Thumb Code    14  __printf_wp.o(i._is_digit)
    _sys_close                               0x00006521   Thumb Code    40  retarget.o(i._sys_close)
    _sys_flen                                0x0000654d   Thumb Code    34  retarget.o(i._sys_flen)
    _sys_istty                               0x00006575   Thumb Code    34  retarget.o(i._sys_istty)
    _sys_open                                0x0000659d   Thumb Code   288  retarget.o(i._sys_open)
    _sys_seek                                0x000066d9   Thumb Code    36  retarget.o(i._sys_seek)
    _sys_write                               0x00006701   Thumb Code    84  retarget.o(i._sys_write)
    clock_hal_get_clock_divider              0x00006761   Thumb Code   116  fsl_sim_hal.o(i.clock_hal_get_clock_divider)
    clock_hal_get_fllclk                     0x00006805   Thumb Code   206  fsl_mcg_hal.o(i.clock_hal_get_fllclk)
    clock_hal_get_irclk                      0x000068e5   Thumb Code    36  fsl_mcg_hal.o(i.clock_hal_get_irclk)
    clock_hal_get_outclk                     0x00006915   Thumb Code   172  fsl_mcg_hal.o(i.clock_hal_get_outclk)
    clock_hal_get_pll0clk                    0x000069d5   Thumb Code    56  fsl_mcg_hal.o(i.clock_hal_get_pll0clk)
    clock_hal_set_gate                       0x00006a19   Thumb Code   102  fsl_sim_hal.o(i.clock_hal_set_gate)
    clock_manager_get_frequency              0x00006aad   Thumb Code     8  fsl_clock_manager.o(i.clock_manager_get_frequency)
    clock_manager_get_system_clock           0x00006b51   Thumb Code    98  fsl_clock_manager.o(i.clock_manager_get_system_clock)
    clock_manager_set_gate                   0x00006bb9   Thumb Code    18  fsl_clock_manager.o(i.clock_manager_set_gate)
    dspi_hal_configure_data_format           0x00006bd1   Thumb Code   188  fsl_dspi_hal.o(i.dspi_hal_configure_data_format)
    dspi_hal_configure_delays                0x00006c95   Thumb Code   132  fsl_dspi_hal.o(i.dspi_hal_configure_delays)
    dspi_hal_set_baud                        0x00006d49   Thumb Code   210  fsl_dspi_hal.o(i.dspi_hal_set_baud)
    dspi_hal_write_data_master_mode          0x00006e2d   Thumb Code    92  fsl_dspi_hal.o(i.dspi_hal_write_data_master_mode)
    error                                    0x00006eb5   Thumb Code    20  error.o(i.error)
    exit                                     0x00006ecd   Thumb Code    24  exit.o(i.exit)
    fputc                                    0x00006eed   Thumb Code    26  fputc.o(i.fputc)
    gpio_dir                                 0x00006f09   Thumb Code    56  gpio_api.o(i.gpio_dir)
    gpio_hal_set_pin_direction               0x00006f61   Thumb Code    54  fsl_gpio_hal.o(i.gpio_hal_set_pin_direction)
    gpio_hal_write_pin_output                0x00006fd1   Thumb Code    52  fsl_gpio_hal.o(i.gpio_hal_write_pin_output)
    gpio_init                                0x0000703d   Thumb Code    74  gpio_api.o(i.gpio_init)
    gpio_init_in                             0x000070c1   Thumb Code    38  gpio.o(i.gpio_init_in)
    gpio_init_out                            0x000070e9   Thumb Code    74  gpio.o(i.gpio_init_out)
    gpio_irqA                                0x00007139   Thumb Code     8  gpio_irq_api.o(i.gpio_irqA)
    gpio_irqB                                0x00007141   Thumb Code     8  gpio_irq_api.o(i.gpio_irqB)
    gpio_irqC                                0x00007149   Thumb Code     8  gpio_irq_api.o(i.gpio_irqC)
    gpio_irqD                                0x00007151   Thumb Code     8  gpio_irq_api.o(i.gpio_irqD)
    gpio_irqE                                0x00007159   Thumb Code     8  gpio_irq_api.o(i.gpio_irqE)
    gpio_irq_free                            0x00007161   Thumb Code    12  gpio_irq_api.o(i.gpio_irq_free)
    gpio_irq_init                            0x00007171   Thumb Code   144  gpio_irq_api.o(i.gpio_irq_init)
    gpio_irq_set                             0x00007245   Thumb Code   200  gpio_irq_api.o(i.gpio_irq_set)
    gpio_mode                                0x00007345   Thumb Code     6  gpio_api.o(i.gpio_mode)
    i2c_frequency                            0x000074fd   Thumb Code    40  i2c_api.o(i.i2c_frequency)
    i2c_hal_send_start                       0x00007525   Thumb Code    46  fsl_i2c_hal.o(i.i2c_hal_send_start)
    i2c_hal_set_baud                         0x00007581   Thumb Code   180  fsl_i2c_hal.o(i.i2c_hal_set_baud)
    i2c_init                                 0x00007645   Thumb Code   244  i2c_api.o(i.i2c_init)
    i2c_read                                 0x00007795   Thumb Code   284  i2c_api.o(i.i2c_read)
    i2c_stop                                 0x000078b9   Thumb Code    74  i2c_api.o(i.i2c_stop)
    i2c_write                                0x000079ad   Thumb Code   100  i2c_api.o(i.i2c_write)
    $Super$$main                             0x00007a71   Thumb Code   150  mainmain.o(i.main)
    mbed_assert_internal                     0x00007b2d   Thumb Code    24  assert.o(i.mbed_assert_internal)
    mbed_die                                 0x00007b7d   Thumb Code    92  board.o(i.mbed_die)
    mbed_main                                0x00007bdd   Thumb Code     2  retarget.o(i.mbed_main)
    mbed_sdk_init                            0x00007bdf   Thumb Code     2  retarget.o(i.mbed_sdk_init)
    pin_function                             0x00007be1   Thumb Code    86  pinmap.o(i.pin_function)
    pin_mode                                 0x00007c89   Thumb Code   164  pinmap.o(i.pin_mode)
    pinmap_merge                             0x00007d4d   Thumb Code    34  pinmap_common.o(i.pinmap_merge)
    pinmap_peripheral                        0x00007d85   Thumb Code    54  pinmap_common.o(i.pinmap_peripheral)
    pinmap_pinout                            0x00007ddd   Thumb Code    60  pinmap_common.o(i.pinmap_pinout)
    serial_init                              0x00007e2d   Thumb Code   188  serial_api.o(i.serial_init)
    serial_putc                              0x00007f11   Thumb Code    44  serial_api.o(i.serial_putc)
    spi_format                               0x00007f3d   Thumb Code   106  spi_api.o(i.spi_format)
    spi_frequency                            0x00007fb5   Thumb Code    28  spi_api.o(i.spi_frequency)
    spi_init                                 0x00007fd1   Thumb Code   330  spi_api.o(i.spi_init)
    spi_master_write                         0x0000817d   Thumb Code   164  spi_api.o(i.spi_master_write)
    uart_hal_clear_status_flag               0x00008229   Thumb Code   124  fsl_uart_hal_status_flags.o(i.uart_hal_clear_status_flag)
    uart_hal_init                            0x000082d1   Thumb Code   332  fsl_uart_hal_common_configurations.o(i.uart_hal_init)
    uart_hal_is_receive_overrun_detected     0x00008449   Thumb Code    30  fsl_uart_hal_status_flags.o(i.uart_hal_is_receive_overrun_detected)
    uart_hal_is_transmit_data_register_empty 0x00008495   Thumb Code    28  fsl_uart_hal_status_flags.o(i.uart_hal_is_transmit_data_register_empty)
    uart_hal_putchar                         0x000084dd   Thumb Code    28  fsl_uart_hal_transfer_functions.o(i.uart_hal_putchar)
    us_ticker_clear_interrupt                0x00008525   Thumb Code     2  us_ticker.o(i.us_ticker_clear_interrupt)
    us_ticker_disable_interrupt              0x00008527   Thumb Code    10  us_ticker.o(i.us_ticker_disable_interrupt)
    us_ticker_init                           0x00008531   Thumb Code   176  us_ticker.o(i.us_ticker_init)
    us_ticker_irq_handler                    0x00008609   Thumb Code    62  us_ticker_api.o(i.us_ticker_irq_handler)
    us_ticker_read                           0x0000864d   Thumb Code    22  us_ticker.o(i.us_ticker_read)
    us_ticker_set_interrupt                  0x0000866d   Thumb Code   112  us_ticker.o(i.us_ticker_set_interrupt)
    wait                                     0x000086e9   Thumb Code    36  wait_api.o(i.wait)
    wait_ms                                  0x00008711   Thumb Code    28  wait_api.o(i.wait_ms)
    wait_us                                  0x0000872d   Thumb Code    24  wait_api.o(i.wait_us)
    _get_lc_numeric                          0x00008745   Thumb Code    44  lc_numeric_c.o(locale$$code)
    _get_lc_ctype                            0x00008771   Thumb Code    44  lc_ctype_c.o(locale$$code)
    __aeabi_d2f                              0x0000879d   Thumb Code     0  d2f.o(x$fpl$d2f)
    _d2f                                     0x0000879d   Thumb Code    98  d2f.o(x$fpl$d2f)
    __aeabi_dadd                             0x00008801   Thumb Code     0  daddsub_clz.o(x$fpl$dadd)
    _dadd                                    0x00008801   Thumb Code   332  daddsub_clz.o(x$fpl$dadd)
    __fpl_dcmp_Inf                           0x00008951   Thumb Code    24  dcmpi.o(x$fpl$dcmpinf)
    __aeabi_ddiv                             0x00008969   Thumb Code     0  ddiv.o(x$fpl$ddiv)
    _ddiv                                    0x00008969   Thumb Code   552  ddiv.o(x$fpl$ddiv)
    __aeabi_d2iz                             0x00008c19   Thumb Code     0  dfix.o(x$fpl$dfix)
    _dfix                                    0x00008c19   Thumb Code    94  dfix.o(x$fpl$dfix)
    __aeabi_i2d                              0x00008c77   Thumb Code     0  dflt_clz.o(x$fpl$dflt)
    _dflt                                    0x00008c77   Thumb Code    46  dflt_clz.o(x$fpl$dflt)
    __aeabi_cdcmple                          0x00008ca5   Thumb Code     0  dleqf.o(x$fpl$dleqf)
    _dcmple                                  0x00008ca5   Thumb Code   120  dleqf.o(x$fpl$dleqf)
    __fpl_dcmple_InfNaN                      0x00008d07   Thumb Code     0  dleqf.o(x$fpl$dleqf)
    __aeabi_dmul                             0x00008d1d   Thumb Code     0  dmul.o(x$fpl$dmul)
    _dmul                                    0x00008d1d   Thumb Code   332  dmul.o(x$fpl$dmul)
    __fpl_dnaninf                            0x00008e71   Thumb Code   156  dnaninf.o(x$fpl$dnaninf)
    __fpl_dretinf                            0x00008f0d   Thumb Code    12  dretinf.o(x$fpl$dretinf)
    __aeabi_cdrcmple                         0x00008f19   Thumb Code     0  drleqf.o(x$fpl$drleqf)
    _drcmple                                 0x00008f19   Thumb Code   108  drleqf.o(x$fpl$drleqf)
    _dsqrt                                   0x00008f85   Thumb Code   404  dsqrt_umaal.o(x$fpl$dsqrt)
    __aeabi_dsub                             0x0000911d   Thumb Code     0  daddsub_clz.o(x$fpl$dsub)
    _dsub                                    0x0000911d   Thumb Code   464  daddsub_clz.o(x$fpl$dsub)
    __aeabi_f2d                              0x000092f1   Thumb Code     0  f2d.o(x$fpl$f2d)
    _f2d                                     0x000092f1   Thumb Code    86  f2d.o(x$fpl$f2d)
    __fpl_fnaninf                            0x00009347   Thumb Code   140  fnaninf.o(x$fpl$fnaninf)
    _fp_init                                 0x000093d3   Thumb Code    10  fpinit.o(x$fpl$fpinit)
    __fplib_config_fpu_vfp                   0x000093db   Thumb Code     0  fpinit.o(x$fpl$fpinit)
    __fplib_config_pureend_doubles           0x000093db   Thumb Code     0  fpinit.o(x$fpl$fpinit)
    __fpl_fretinf                            0x000093dd   Thumb Code    10  fretinf.o(x$fpl$fretinf)
    _printf_fp_dec                           0x000093e7   Thumb Code     4  printf1.o(x$fpl$printf1)
    _printf_fp_hex                           0x000093eb   Thumb Code     4  printf2.o(x$fpl$printf2)
    __I$use$fp                               0x000093ee   Number         0  usenofp.o(x$fpl$usenofp)
    __stdin_name                             0x00009471   Data           7  retarget.o(.constdata)
    __stdout_name                            0x00009478   Data           8  retarget.o(.constdata)
    __stderr_name                            0x00009480   Data           8  retarget.o(.constdata)
    PinMap_I2C_SDA                           0x000139fc   Data          96  PeripheralPins.o(.constdata)
    PinMap_I2C_SCL                           0x00013a5c   Data         108  PeripheralPins.o(.constdata)
    PinMap_UART_TX                           0x00013ac8   Data         144  PeripheralPins.o(.constdata)
    PinMap_UART_RX                           0x00013b58   Data         144  PeripheralPins.o(.constdata)
    PinMap_SPI_SCLK                          0x00013be8   Data          96  PeripheralPins.o(.constdata)
    PinMap_SPI_MOSI                          0x00013c48   Data         108  PeripheralPins.o(.constdata)
    PinMap_SPI_MISO                          0x00013cb4   Data         108  PeripheralPins.o(.constdata)
    PinMap_SPI_SSEL                          0x00013d20   Data          96  PeripheralPins.o(.constdata)
    kI2CDividerTable                         0x000143ec   Data         200  fsl_i2c_hal.o(.constdata)
    kSimClockNameConfigTable                 0x00014748   Data          24  fsl_sim_clock_module_names_K64F12.o(.constdata)
    kSimClockGateModuleConfigTable           0x00014760   Data         564  fsl_sim_clock_module_names_K64F12.o(.constdata)
    vtable for TextDisplay                   0x00014b10   Data         100  textdisplay.o(.constdata__ZTV11TextDisplay)
    vtable for GraphicsDisplay               0x00014b74   Data         132  graphicsdisplay.o(.constdata__ZTV15GraphicsDisplay)
    vtable for SPI_TFT_ILI9341               0x00014bf8   Data         132  spi_tft_ili9341.o(.constdata__ZTV15SPI_TFT_ILI9341)
    vtable for mbed::FileHandle              0x00014c7c   Data          44  retarget.o(.constdata__ZTVN4mbed10FileHandleE)
    vtable for mbed::InterruptIn             0x00014ca8   Data          16  InterruptIn.o(.constdata__ZTVN4mbed11InterruptInE)
    vtable for mbed::SPI                     0x00014cb8   Data          20  SPI.o(.constdata__ZTVN4mbed3SPIE)
    vtable for mbed::Stream                  0x00014ccc   Data          68  Stream.o(.constdata__ZTVN4mbed6StreamE)
    vtable for mbed::FileBase                0x00014d10   Data          16  FileBase.o(.constdata__ZTVN4mbed8FileBaseE)
    vtable for mbed::FileLike                0x00014d20   Data          60  FileLike.o(.constdata__ZTVN4mbed8FileLikeE)
    Region$$Table$$Base                      0x00014db0   Number         0  anon$$obj.o(Region$$Table)
    Region$$Table$$Limit                     0x00014dd0   Number         0  anon$$obj.o(Region$$Table)
    __ctype                                  0x00014df9   Data           0  lc_ctype_c.o(locale$$data)
    SHT$$INIT_ARRAY$$Base                    0x00014efc   Number         0  mainmain.o(.init_array)
    SHT$$INIT_ARRAY$$Limit                   0x00014f00   Number         0  init_aeabi.o(.init_array)
    acc                                      0x1fff0198   Data           4  mainmain.o(.data)
    xT                                       0x1fff019c   Data           4  mainmain.o(.data)
    yT                                       0x1fff01a0   Data           4  mainmain.o(.data)
    pinD7                                    0x1fff01a4   Data           4  mainmain.o(.data)
    backlight                                0x1fff01a8   Data           4  mainmain.o(.data)
    paused                                   0x1fff01ac   Data           4  mainmain.o(.data)
    printed                                  0x1fff01b0   Data           4  mainmain.o(.data)
    START_X_POS                              0x1fff01bc   Data           4  mainmain.o(.data)
    START_Y_POS                              0x1fff01c0   Data           4  mainmain.o(.data)
    FINISH_X_POS                             0x1fff01c4   Data           4  mainmain.o(.data)
    FINISH_Y_POS                             0x1fff01c8   Data           4  mainmain.o(.data)
    wonGame                                  0x1fff01d4   Data           4  mainmain.o(.data)
    lostGame                                 0x1fff01d8   Data           4  mainmain.o(.data)
    playAgain                                0x1fff01dc   Data           4  mainmain.o(.data)
    stdio_uart_inited                        0x1fff01e0   Data           4  serial_api.o(.data)
    stdio_uart                               0x1fff01e8   Data           4  serial_api.o(.data)
    mbed::I2C::_owner                        0x1fff01ec   Data           4  I2C.o(.data)
    mbed::SPI::_owner                        0x1fff01f0   Data           4  SPI.o(.data)
    kClockNameSimMap                         0x1fff01f4   Data          24  fsl_clock_manager.o(.data)
    kClockSourceNameSimMap                   0x1fff020c   Data          19  fsl_clock_manager.o(.data)
    kClockModuleNameSimMap                   0x1fff021f   Data          40  fsl_clock_manager.o(.data)
    mbed::FileBase::_head                    0x1fff0258   Data           4  FileBase.o(.data)
    __aeabi_stdin                            0x1fff0264   Data           4  stdio_streams.o(.data)
    __aeabi_stdout                           0x1fff0268   Data           4  stdio_streams.o(.data)
    __aeabi_stderr                           0x1fff026c   Data           4  stdio_streams.o(.data)
    TFT                                      0x1fff02b4   Data         100  mainmain.o(.bss)
    MyTouch                                  0x1fff0318   Data         108  mainmain.o(.bss)
    __stdin                                  0x1fff0604   Data          84  stdio_streams.o(.bss)
    __stdout                                 0x1fff0658   Data          84  stdio_streams.o(.bss)
    __stderr                                 0x1fff06ac   Data          84  stdio_streams.o(.bss)
    Image$$RW_IRAM1$$ZI$$Limit               0x1fff0728   Number         0  anon$$obj.o ABSOLUTE



==============================================================================

Memory Map of the image

  Image Entry point : 0x00000411

  Load Region LR_IROM1 (Base: 0x00000000, Size: 0x00014fdc, Max: 0x00100000, ABSOLUTE)

    Execution Region ER_IROM1 (Base: 0x00000000, Size: 0x00014f00, Max: 0x00100000, ABSOLUTE)

    Base Addr    Size         Type   Attr      Idx    E Section Name        Object

    0x00000000   0x00000400   Data   RO          129    RESET               startup_MK64F12.o
    0x00000400   0x00000010   Code   RO          130    .ARM.__at_0x400     startup_MK64F12.o
    0x00000410   0x00000008   Code   RO         3577  * !!!main             c_w.l(__main.o)
    0x00000418   0x00000034   Code   RO         4379    !!!scatter          c_w.l(__scatter.o)
    0x0000044c   0x0000001a   Code   RO         4381    !!handler_copy      c_w.l(__scatter_copy.o)
    0x00000466   0x00000002   PAD
    0x00000468   0x0000001c   Code   RO         4383    !!handler_zi        c_w.l(__scatter_zi.o)
    0x00000484   0x00000000   Code   RO         3508    .ARM.Collect$$_printf_percent$$00000000  c_w.l(_printf_percent.o)
    0x00000484   0x00000006   Code   RO         3839    .ARM.Collect$$_printf_percent$$00000001  c_w.l(_printf_n.o)
    0x0000048a   0x00000006   Code   RO         3506    .ARM.Collect$$_printf_percent$$00000002  c_w.l(_printf_p.o)
    0x00000490   0x00000006   Code   RO         3844    .ARM.Collect$$_printf_percent$$00000003  c_w.l(_printf_f.o)
    0x00000496   0x00000006   Code   RO         3845    .ARM.Collect$$_printf_percent$$00000004  c_w.l(_printf_e.o)
    0x0000049c   0x00000006   Code   RO         3846    .ARM.Collect$$_printf_percent$$00000005  c_w.l(_printf_g.o)
    0x000004a2   0x00000006   Code   RO         3847    .ARM.Collect$$_printf_percent$$00000006  c_w.l(_printf_a.o)
    0x000004a8   0x0000000a   Code   RO         3852    .ARM.Collect$$_printf_percent$$00000007  c_w.l(_printf_ll.o)
    0x000004b2   0x00000006   Code   RO         3842    .ARM.Collect$$_printf_percent$$00000008  c_w.l(_printf_i.o)
    0x000004b8   0x00000006   Code   RO         3507    .ARM.Collect$$_printf_percent$$00000009  c_w.l(_printf_d.o)
    0x000004be   0x00000006   Code   RO         3843    .ARM.Collect$$_printf_percent$$0000000A  c_w.l(_printf_u.o)
    0x000004c4   0x00000006   Code   RO         3841    .ARM.Collect$$_printf_percent$$0000000B  c_w.l(_printf_o.o)
    0x000004ca   0x00000006   Code   RO         3840    .ARM.Collect$$_printf_percent$$0000000C  c_w.l(_printf_x.o)
    0x000004d0   0x00000006   Code   RO         3849    .ARM.Collect$$_printf_percent$$0000000D  c_w.l(_printf_lli.o)
    0x000004d6   0x00000006   Code   RO         3850    .ARM.Collect$$_printf_percent$$0000000E  c_w.l(_printf_lld.o)
    0x000004dc   0x00000006   Code   RO         3851    .ARM.Collect$$_printf_percent$$0000000F  c_w.l(_printf_llu.o)
    0x000004e2   0x00000006   Code   RO         3856    .ARM.Collect$$_printf_percent$$00000010  c_w.l(_printf_llo.o)
    0x000004e8   0x00000006   Code   RO         3857    .ARM.Collect$$_printf_percent$$00000011  c_w.l(_printf_llx.o)
    0x000004ee   0x0000000a   Code   RO         3853    .ARM.Collect$$_printf_percent$$00000012  c_w.l(_printf_l.o)
    0x000004f8   0x00000006   Code   RO         3838    .ARM.Collect$$_printf_percent$$00000013  c_w.l(_printf_c.o)
    0x000004fe   0x00000006   Code   RO         3505    .ARM.Collect$$_printf_percent$$00000014  c_w.l(_printf_s.o)
    0x00000504   0x00000006   Code   RO         3854    .ARM.Collect$$_printf_percent$$00000015  c_w.l(_printf_lc.o)
    0x0000050a   0x00000006   Code   RO         3855    .ARM.Collect$$_printf_percent$$00000016  c_w.l(_printf_ls.o)
    0x00000510   0x00000004   Code   RO         3848    .ARM.Collect$$_printf_percent$$00000017  c_w.l(_printf_percent_end.o)
    0x00000514   0x00000002   Code   RO         4284    .ARM.Collect$$libinit$$00000000  c_w.l(libinit.o)
    0x00000516   0x00000004   Code   RO         3908    .ARM.Collect$$libinit$$00000001  c_w.l(libinit2.o)
    0x0000051a   0x00000000   Code   RO         3911    .ARM.Collect$$libinit$$00000004  c_w.l(libinit2.o)
    0x0000051a   0x00000008   Code   RO         3912    .ARM.Collect$$libinit$$00000005  c_w.l(libinit2.o)
    0x00000522   0x00000000   Code   RO         3914    .ARM.Collect$$libinit$$0000000A  c_w.l(libinit2.o)
    0x00000522   0x00000000   Code   RO         3916    .ARM.Collect$$libinit$$0000000C  c_w.l(libinit2.o)
    0x00000522   0x00000000   Code   RO         3918    .ARM.Collect$$libinit$$0000000E  c_w.l(libinit2.o)
    0x00000522   0x00000006   Code   RO         3919    .ARM.Collect$$libinit$$0000000F  c_w.l(libinit2.o)
    0x00000528   0x00000000   Code   RO         3921    .ARM.Collect$$libinit$$00000011  c_w.l(libinit2.o)
    0x00000528   0x0000000c   Code   RO         3922    .ARM.Collect$$libinit$$00000012  c_w.l(libinit2.o)
    0x00000534   0x00000000   Code   RO         3923    .ARM.Collect$$libinit$$00000013  c_w.l(libinit2.o)
    0x00000534   0x00000000   Code   RO         3925    .ARM.Collect$$libinit$$00000015  c_w.l(libinit2.o)
    0x00000534   0x0000000a   Code   RO         3926    .ARM.Collect$$libinit$$00000016  c_w.l(libinit2.o)
    0x0000053e   0x00000000   Code   RO         3927    .ARM.Collect$$libinit$$00000017  c_w.l(libinit2.o)
    0x0000053e   0x00000000   Code   RO         3929    .ARM.Collect$$libinit$$00000019  c_w.l(libinit2.o)
    0x0000053e   0x00000000   Code   RO         3931    .ARM.Collect$$libinit$$0000001B  c_w.l(libinit2.o)
    0x0000053e   0x00000000   Code   RO         3933    .ARM.Collect$$libinit$$0000001D  c_w.l(libinit2.o)
    0x0000053e   0x00000000   Code   RO         3935    .ARM.Collect$$libinit$$0000001F  c_w.l(libinit2.o)
    0x0000053e   0x00000000   Code   RO         3937    .ARM.Collect$$libinit$$00000021  c_w.l(libinit2.o)
    0x0000053e   0x00000000   Code   RO         3939    .ARM.Collect$$libinit$$00000023  c_w.l(libinit2.o)
    0x0000053e   0x00000004   Code   RO         3940    .ARM.Collect$$libinit$$00000024  c_w.l(libinit2.o)
    0x00000542   0x00000000   Code   RO         3941    .ARM.Collect$$libinit$$00000025  c_w.l(libinit2.o)
    0x00000542   0x00000000   Code   RO         3945    .ARM.Collect$$libinit$$0000002C  c_w.l(libinit2.o)
    0x00000542   0x00000000   Code   RO         3947    .ARM.Collect$$libinit$$0000002E  c_w.l(libinit2.o)
    0x00000542   0x00000000   Code   RO         3949    .ARM.Collect$$libinit$$00000030  c_w.l(libinit2.o)
    0x00000542   0x00000004   Code   RO         3950    .ARM.Collect$$libinit$$00000031  c_w.l(libinit2.o)
    0x00000546   0x00000000   Code   RO         3951    .ARM.Collect$$libinit$$00000032  c_w.l(libinit2.o)
    0x00000546   0x00000002   Code   RO         3952    .ARM.Collect$$libinit$$00000033  c_w.l(libinit2.o)
    0x00000548   0x00000000   Code   RO         4158    .ARM.Collect$$libshutdown$$00000002  c_w.l(libshutdown2.o)
    0x00000548   0x00000000   Code   RO         4160    .ARM.Collect$$libshutdown$$00000004  c_w.l(libshutdown2.o)
    0x00000548   0x00000000   Code   RO         3773    .ARM.Collect$$rtentry$$00000000  c_w.l(__rtentry.o)
    0x00000548   0x00000000   Code   RO         4050    .ARM.Collect$$rtentry$$00000002  c_w.l(__rtentry2.o)
    0x00000548   0x00000006   Code   RO         4062    .ARM.Collect$$rtentry$$00000004  c_w.l(__rtentry4.o)
    0x0000054e   0x00000000   Code   RO         4052    .ARM.Collect$$rtentry$$00000009  c_w.l(__rtentry2.o)
    0x0000054e   0x00000004   Code   RO         4053    .ARM.Collect$$rtentry$$0000000A  c_w.l(__rtentry2.o)
    0x00000552   0x00000000   Code   RO         4055    .ARM.Collect$$rtentry$$0000000C  c_w.l(__rtentry2.o)
    0x00000552   0x00000008   Code   RO         4056    .ARM.Collect$$rtentry$$0000000D  c_w.l(__rtentry2.o)
    0x0000055a   0x00000002   PAD
    0x0000055c   0x00000000   Code   RO         4073    .emb_text           c_w.l(maybetermalloc1.o)
    0x0000055c   0x00000024   Code   RO          131    .text               startup_MK64F12.o
    0x00000580   0x0000005e   Code   RO         3388    .text               c_w.l(h1_alloc.o)
    0x000005de   0x0000004e   Code   RO         3390    .text               c_w.l(h1_free.o)
    0x0000062c   0x0000000a   Code   RO         3446    .text               c_w.l(vfprintf.o)
    0x00000636   0x0000000a   Code   RO         3448    .text               c_w.l(c89vfprintf.o)
    0x00000640   0x00000014   Code   RO         3450    .text               c_w.l(__2fprintf.o)
    0x00000654   0x0000002c   Code   RO         3452    .text               c_w.l(__2sprintf.o)
    0x00000680   0x00000052   Code   RO         3460    .text               c_w.l(_printf_str.o)
    0x000006d2   0x00000002   PAD
    0x000006d4   0x00000078   Code   RO         3462    .text               c_w.l(_printf_dec.o)
    0x0000074c   0x00000094   Code   RO         3482    .text               c_w.l(_printf_hex_int_ll_ptr.o)
    0x000007e0   0x00000188   Code   RO         3502    .text               c_w.l(__printf_flags_ss_wp.o)
    0x00000968   0x0000003c   Code   RO         3511    .text               c_w.l(__0sscanf.o)
    0x000009a4   0x0000014c   Code   RO         3513    .text               c_w.l(_scanf_int.o)
    0x00000af0   0x00000064   Code   RO         3515    .text               c_w.l(fflush.o)
    0x00000b54   0x00000022   Code   RO         3527    .text               c_w.l(fputs.o)
    0x00000b76   0x00000046   Code   RO         3529    .text               c_w.l(setvbuf.o)
    0x00000bbc   0x000000ec   Code   RO         3531    .text               c_w.l(fopen.o)
    0x00000ca8   0x00000014   Code   RO         3533    .text               c_w.l(setbuf.o)
    0x00000cbc   0x0000004c   Code   RO         3541    .text               c_w.l(fclose.o)
    0x00000d08   0x0000002e   Code   RO         3558    .text               c_w.l(aeabi_atexit.o)
    0x00000d36   0x00000002   PAD
    0x00000d38   0x00000080   Code   RO         3561    .text               c_w.l(assert.o)
    0x00000db8   0x0000003e   Code   RO         3563    .text               c_w.l(strlen.o)
    0x00000df6   0x00000096   Code   RO         3565    .text               c_w.l(strncmp.o)
    0x00000e8c   0x00000064   Code   RO         3567    .text               c_w.l(rt_memcpy_w.o)
    0x00000ef0   0x0000007a   Code   RO         3569    .text               c_w.l(rt_memmove_w.o)
    0x00000f6a   0x0000004e   Code   RO         3571    .text               c_w.l(rt_memclr_w.o)
    0x00000fb8   0x00000080   Code   RO         3575    .text               c_w.l(strcmpv7m.o)
    0x00001038   0x00000024   Code   RO         3582    .text               c_w.l(init_aeabi.o)
    0x0000105c   0x00000008   Code   RO         3774    .text               c_w.l(rt_heap_descriptor.o)
    0x00001064   0x00000008   Code   RO         3779    .text               c_w.l(rt_new_handler_addr.o)
    0x0000106c   0x00000008   Code   RO         3784    .text               c_w.l(rt_ddtor_pointer_addr.o)
    0x00001074   0x00000004   Code   RO         3789    .text               c_w.l(hguard.o)
    0x00001078   0x0000008a   Code   RO         3791    .text               c_w.l(init_alloc.o)
    0x00001102   0x0000000e   Code   RO         3795    .text               c_w.l(h1_init.o)
    0x00001110   0x00000016   Code   RO         3809    .text               c_w.l(_rserrno.o)
    0x00001126   0x0000004e   Code   RO         3811    .text               c_w.l(_printf_pad.o)
    0x00001174   0x00000024   Code   RO         3813    .text               c_w.l(_printf_truncate.o)
    0x00001198   0x000000b2   Code   RO         3815    .text               c_w.l(_printf_intcommon.o)
    0x0000124a   0x00000028   Code   RO         3817    .text               c_w.l(_printf_charcount.o)
    0x00001272   0x00000002   PAD
    0x00001274   0x00000030   Code   RO         3819    .text               c_w.l(_printf_char_common.o)
    0x000012a4   0x0000000a   Code   RO         3821    .text               c_w.l(_sputc.o)
    0x000012ae   0x0000002c   Code   RO         3823    .text               c_w.l(_printf_char.o)
    0x000012da   0x00000002   PAD
    0x000012dc   0x00000024   Code   RO         3825    .text               c_w.l(_printf_char_file.o)
    0x00001300   0x000000bc   Code   RO         3827    .text               c_w.l(_printf_wctomb.o)
    0x000013bc   0x0000007c   Code   RO         3830    .text               c_w.l(_printf_longlong_dec.o)
    0x00001438   0x00000070   Code   RO         3836    .text               c_w.l(_printf_oct_int_ll.o)
    0x000014a8   0x0000001c   Code   RO         3858    .text               c_w.l(_chval.o)
    0x000014c4   0x0000002c   Code   RO         3864    .text               c_w.l(scanf_char.o)
    0x000014f0   0x00000040   Code   RO         3866    .text               c_w.l(_sgetc.o)
    0x00001530   0x00000008   Code   RO         3876    .text               c_w.l(ferror.o)
    0x00001538   0x000001d6   Code   RO         3880    .text               c_w.l(flsbuf.o)
    0x0000170e   0x00000002   PAD
    0x00001710   0x000000f8   Code   RO         3882    .text               c_w.l(fseek.o)
    0x00001808   0x000000f0   Code   RO         3884    .text               c_w.l(stdio.o)
    0x000018f8   0x00000138   Code   RO         3887    .text               c_w.l(initio.o)
    0x00001a30   0x00000016   Code   RO         3893    .text               c_w.l(abort.o)
    0x00001a46   0x00000042   Code   RO         3895    .text               c_w.l(cxa_finalize.o)
    0x00001a88   0x0000000e   Code   RO         3898    .text               c_w.l(defsig_pvfn_outer.o)
    0x00001a96   0x00000004   Code   RO         3960    .text               cpprt_w.l(arm_newhandler_noexceptions.o)
    0x00001a9a   0x0000000e   Code   RO         4042    .text               c_w.l(sys_wrch.o)
    0x00001aa8   0x0000000c   Code   RO         4044    .text               c_w.l(sys_exit.o)
    0x00001ab4   0x00000008   Code   RO         4066    .text               c_w.l(rt_errno_addr.o)
    0x00001abc   0x00000034   Code   RO         4075    .text               c_w.l(h1_extend.o)
    0x00001af0   0x0000008a   Code   RO         4079    .text               c_w.l(lludiv10.o)
    0x00001b7a   0x00000012   Code   RO         4081    .text               c_w.l(isspace.o)
    0x00001b8c   0x0000041a   Code   RO         4083    .text               c_w.l(_printf_fp_dec.o)
    0x00001fa6   0x00000002   PAD
    0x00001fa8   0x000002fc   Code   RO         4085    .text               c_w.l(_printf_fp_hex.o)
    0x000022a4   0x0000002c   Code   RO         4092    .text               c_w.l(_printf_wchar.o)
    0x000022d0   0x00000374   Code   RO         4094    .text               c_w.l(_scanf.o)
    0x00002644   0x00000042   Code   RO         4104    .text               c_w.l(ftell.o)
    0x00002686   0x00000040   Code   RO         4130    .text               c_w.l(_wcrtomb.o)
    0x000026c6   0x0000000a   Code   RO         4132    .text               c_w.l(defsig_exit.o)
    0x000026d0   0x0000000e   Code   RO         4134    .text               c_w.l(defsig_abrt_outer.o)
    0x000026de   0x0000000e   Code   RO         4138    .text               c_w.l(defsig_rtred_outer.o)
    0x000026ec   0x0000000e   Code   RO         4142    .text               c_w.l(defsig_rtmem_outer.o)
    0x000026fa   0x00000002   PAD
    0x000026fc   0x00000030   Code   RO         4146    .text               c_w.l(defsig_pvfn_inner.o)
    0x0000272c   0x00000018   Code   RO         4148    .text               c_w.l(assert_stdio.o)
    0x00002744   0x00000050   Code   RO         4150    .text               c_w.l(heapauxa.o)
    0x00002794   0x0000001a   Code   RO         4193    .text               cpprt_w.l(arm_exceptions_terminate.o)
    0x000027ae   0x00000002   PAD
    0x000027b0   0x00000050   Code   RO         4196    .text               cpprt_w.l(arm_exceptions_globs.o)
    0x00002800   0x00000002   Code   RO         4214    .text               c_w.l(use_no_semi.o)
    0x00002802   0x00000000   Code   RO         4216    .text               c_w.l(indicate_semi.o)
    0x00002802   0x00000002   PAD
    0x00002804   0x00000010   Code   RO         4217    .text               c_w.l(rt_ctype_table.o)
    0x00002814   0x00000008   Code   RO         4219    .text               c_w.l(rt_locale.o)
    0x0000281c   0x00000008   Code   RO         4224    .text               c_w.l(rt_eh_globals_addr.o)
    0x00002824   0x00000080   Code   RO         4231    .text               c_w.l(_printf_fp_infnan.o)
    0x000028a4   0x000000dc   Code   RO         4233    .text               c_w.l(bigflt0.o)
    0x00002980   0x00000032   Code   RO         4265    .text               c_w.l(defsig_general.o)
    0x000029b2   0x00000002   PAD
    0x000029b4   0x00000030   Code   RO         4267    .text               c_w.l(defsig_abrt_inner.o)
    0x000029e4   0x00000034   Code   RO         4269    .text               c_w.l(defsig_rtred_inner.o)
    0x00002a18   0x00000050   Code   RO         4271    .text               c_w.l(defsig_rtmem_inner.o)
    0x00002a68   0x0000003c   Code   RO         4288    .text               cpprt_w.l(arm_exceptions_mem.o)
    0x00002aa4   0x0000003e   Code   RO         4236    CL$$btod_d2e        c_w.l(btod.o)
    0x00002ae2   0x00000046   Code   RO         4238    CL$$btod_d2e_denorm_low  c_w.l(btod.o)
    0x00002b28   0x00000060   Code   RO         4237    CL$$btod_d2e_norm_op1  c_w.l(btod.o)
    0x00002b88   0x00000338   Code   RO         4246    CL$$btod_div_common  c_w.l(btod.o)
    0x00002ec0   0x000000c6   Code   RO         4243    CL$$btod_e2e        c_w.l(btod.o)
    0x00002f86   0x00000028   Code   RO         4240    CL$$btod_ediv       c_w.l(btod.o)
    0x00002fae   0x00000028   Code   RO         4239    CL$$btod_emul       c_w.l(btod.o)
    0x00002fd6   0x00000244   Code   RO         4245    CL$$btod_mult_common  c_w.l(btod.o)
    0x0000321a   0x00000012   Code   RO           24    i.$Sub$$main        retarget.o
    0x0000322c   0x0000000c   Code   RO           18    i.NMI_Handler       mbed_overrides.o
    0x00003238   0x00000068   Code   RO           11    i.NVIC_SetVector    cmsis_nvic.o
    0x000032a0   0x000000ec   Code   RO          139    i.SystemInit        system_MK64F12.o
    0x0000338c   0x00000090   Code   RO         2165    i._Z10checkWallsii4ball4wall  mainmain.o
    0x0000341c   0x00000040   Code   RO         2166    i._Z10createBalliiii  mainmain.o
    0x0000345c   0x00000050   Code   RO         2167    i._Z10createWalliiiii  mainmain.o
    0x000034ac   0x00000040   Code   RO         2168    i._Z10createZoneiiiii  mainmain.o
    0x000034ec   0x0000012c   Code   RO         2169    i._Z10marbleDrop4ball4zone  mainmain.o
    0x00003618   0x00000420   Code   RO         2170    i._Z10marbleRoll4ball4zoneP4wallPS0_  mainmain.o
    0x00003a38   0x00000420   Code   RO         2171    i._Z11marbleRoll24ball4zoneP4wallPS0_  mainmain.o
    0x00003e58   0x0000006c   Code   RO         2172    i._Z19mytouch_irq_handlerv  mainmain.o
    0x00003ec4   0x00000904   Code   RO         2173    i._Z4Gamev          mainmain.o
    0x000047c8   0x000003c8   Code   RO         2174    i._Z5Instrv         mainmain.o
    0x00004b90   0x0000025c   Code   RO         2175    i._Z5Readyv         mainmain.o
    0x00004dec   0x0000005c   Code   RO         2176    i._Z5Startv         mainmain.o
    0x00004e48   0x0000006c   Code   RO         2177    i._Z5boundiii       mainmain.o
    0x00004eb4   0x0000002c   Code   RO         2178    i._Z7initTFTv       mainmain.o
    0x00004ee0   0x00000004   Code   RO         1134    i._ZN11TextDisplay10backgroundEt  textdisplay.o
    0x00004ee4   0x00000004   Code   RO         1135    i._ZN11TextDisplay10foregroundEt  textdisplay.o
    0x00004ee8   0x0000006a   Code   RO         1138    i._ZN11TextDisplay5_putcEi  textdisplay.o
    0x00004f52   0x00000002   PAD
    0x00004f54   0x0000004c   Code   RO         1141    i._ZN11TextDisplayC2EPKc  textdisplay.o
    0x00004fa0   0x0000004a   Code   RO          799    i._ZN15GraphicsDisplay4putpEi  graphicsdisplay.o
    0x00004fea   0x00000018   Code   RO          800    i._ZN15GraphicsDisplay4rowsEv  graphicsdisplay.o
    0x00005002   0x00000026   Code   RO          801    i._ZN15GraphicsDisplay6windowEjjjj  graphicsdisplay.o
    0x00005028   0x0000005c   Code   RO          802    i._ZN15GraphicsDisplay7blitbitEiiiiPKc  graphicsdisplay.o
    0x00005084   0x00000018   Code   RO          803    i._ZN15GraphicsDisplay7columnsEv  graphicsdisplay.o
    0x0000509c   0x00000034   Code   RO          804    i._ZN15GraphicsDisplay9characterEiii  graphicsdisplay.o
    0x000050d0   0x00000034   Code   RO          805    i._ZN15GraphicsDisplayC2EPKc  graphicsdisplay.o
    0x00005104   0x0000007c   Code   RO          917    i._ZN15SPI_TFT_ILI934110fillcircleEiiii  spi_tft_ili9341.o
    0x00005180   0x00000066   Code   RO          918    i._ZN15SPI_TFT_ILI934115set_orientationEj  spi_tft_ili9341.o
    0x000051e6   0x00000078   Code   RO          919    i._ZN15SPI_TFT_ILI93413clsEv  spi_tft_ili9341.o
    0x0000525e   0x00000016   Code   RO          922    i._ZN15SPI_TFT_ILI93414rowsEv  spi_tft_ili9341.o
    0x00005274   0x00000044   Code   RO          923    i._ZN15SPI_TFT_ILI93415_putcEi  spi_tft_ili9341.o
    0x000052b8   0x00000090   Code   RO          925    i._ZN15SPI_TFT_ILI93415pixelEiii  spi_tft_ili9341.o
    0x00005348   0x00000072   Code   RO          926    i._ZN15SPI_TFT_ILI93415vlineEiiii  spi_tft_ili9341.o
    0x000053ba   0x00000016   Code   RO          927    i._ZN15SPI_TFT_ILI93415widthEv  spi_tft_ili9341.o
    0x000053d0   0x00000016   Code   RO          930    i._ZN15SPI_TFT_ILI93416heightEv  spi_tft_ili9341.o
    0x000053e6   0x00000006   Code   RO          931    i._ZN15SPI_TFT_ILI93416locateEii  spi_tft_ili9341.o
    0x000053ec   0x00000098   Code   RO          932    i._ZN15SPI_TFT_ILI93416windowEjjjj  spi_tft_ili9341.o
    0x00005484   0x00000030   Code   RO          933    i._ZN15SPI_TFT_ILI93416wr_cmdEh  spi_tft_ili9341.o
    0x000054b4   0x00000016   Code   RO          935    i._ZN15SPI_TFT_ILI93417columnsEv  spi_tft_ili9341.o
    0x000054ca   0x00000086   Code   RO          936    i._ZN15SPI_TFT_ILI93418fillrectEiiiii  spi_tft_ili9341.o
    0x00005550   0x00000004   Code   RO          937    i._ZN15SPI_TFT_ILI93418set_fontEPh  spi_tft_ili9341.o
    0x00005554   0x0000002a   Code   RO          938    i._ZN15SPI_TFT_ILI93419WindowMaxEv  spi_tft_ili9341.o
    0x0000557e   0x00000124   Code   RO          939    i._ZN15SPI_TFT_ILI93419characterEiii  spi_tft_ili9341.o
    0x000056a2   0x00000002   PAD
    0x000056a4   0x00000484   Code   RO          940    i._ZN15SPI_TFT_ILI93419tft_resetEv  spi_tft_ili9341.o
    0x00005b28   0x00000074   Code   RO          941    i._ZN15SPI_TFT_ILI9341C1E7PinNameS0_S0_S0_S0_S0_PKc  spi_tft_ili9341.o
    0x00005b9c   0x00000028   Code   RO         1091    i._ZN15SPI_TFT_ILI9341D1Ev  spi_tft_ili9341.o
    0x00005bc4   0x00000058   Code   RO          633    i._ZN4mbed10DigitalOut5writeEi  mytouch.o
    0x00005c1c   0x00000016   Code   RO         1097    i._ZN4mbed10DigitalOutC1E7PinName  spi_tft_ili9341.o
    0x00005c32   0x00000002   PAD
    0x00005c34   0x00000064   Code   RO          763    i._ZN4mbed10DigitalOutaSEi  spi_stmpe610.o
    0x00005c98   0x0000003a   Code   RO          123    i._ZN4mbed10FileHandle4flenEv  retarget.o
    0x00005cd2   0x00000002   PAD
    0x00005cd4   0x00000030   Code   RO           26    i._ZN4mbed10FileHandleD2Ev  retarget.o
    0x00005d04   0x0000001c   Code   RO         2584    i._ZN4mbed11InterruptIn12_irq_handlerEj14gpio_irq_event  mbed.ar(InterruptIn.o)
    0x00005d20   0x0000002c   Code   RO         2585    i._ZN4mbed11InterruptIn4fallEPFvvE  mbed.ar(InterruptIn.o)
    0x00005d4c   0x00000048   Code   RO         2589    i._ZN4mbed11InterruptInC1E7PinName  mbed.ar(InterruptIn.o)
    0x00005d94   0x00000018   Code   RO         2591    i._ZN4mbed11InterruptInD1Ev  mbed.ar(InterruptIn.o)
    0x00005dac   0x00000018   Code   RO         3197    i._ZN4mbed15FunctionPointer4callEv  mbed.ar(FunctionPointer.o)
    0x00005dc4   0x00000008   Code   RO         3198    i._ZN4mbed15FunctionPointer6attachEPFvvE  mbed.ar(FunctionPointer.o)
    0x00005dcc   0x0000000a   Code   RO         3199    i._ZN4mbed15FunctionPointerC1EPFvvE  mbed.ar(FunctionPointer.o)
    0x00005dd6   0x00000002   PAD
    0x00005dd8   0x00000048   Code   RO         2551    i._ZN4mbed3I2C4readEiPcib  mbed.ar(I2C.o)
    0x00005e20   0x00000048   Code   RO         2555    i._ZN4mbed3I2C5writeEiPKcib  mbed.ar(I2C.o)
    0x00005e68   0x00000024   Code   RO         2558    i._ZN4mbed3I2CC1E7PinNameS1_  mbed.ar(I2C.o)
    0x00005e8c   0x00000034   Code   RO         2624    i._ZN4mbed3SPI5writeEi  mbed.ar(SPI.o)
    0x00005ec0   0x00000024   Code   RO         2626    i._ZN4mbed3SPI6formatEii  mbed.ar(SPI.o)
    0x00005ee4   0x00000028   Code   RO         2627    i._ZN4mbed3SPI9frequencyEi  mbed.ar(SPI.o)
    0x00005f0c   0x00000044   Code   RO         2628    i._ZN4mbed3SPIC1E7PinNameS1_S1_S1_  mbed.ar(SPI.o)
    0x00005f50   0x00000004   Code   RO         2654    i._ZN4mbed6Stream4flenEv  mbed.ar(Stream.o)
    0x00005f54   0x00000004   Code   RO         2660    i._ZN4mbed6Stream5closeEv  mbed.ar(Stream.o)
    0x00005f58   0x00000004   Code   RO         2662    i._ZN4mbed6Stream5lseekEli  mbed.ar(Stream.o)
    0x00005f5c   0x0000002a   Code   RO         2664    i._ZN4mbed6Stream5writeEPKvj  mbed.ar(Stream.o)
    0x00005f86   0x00000004   Code   RO         2665    i._ZN4mbed6Stream6isattyEv  mbed.ar(Stream.o)
    0x00005f8a   0x0000001e   Code   RO         2666    i._ZN4mbed6Stream6printfEPKcz  mbed.ar(Stream.o)
    0x00005fa8   0x00000044   Code   RO         2667    i._ZN4mbed6StreamC2EPKc  mbed.ar(Stream.o)
    0x00005fec   0x00000020   Code   RO         2669    i._ZN4mbed6StreamD2Ev  mbed.ar(Stream.o)
    0x0000600c   0x00000004   Code   RO         3146    i._ZN4mbed8FileBase11getPathTypeEv  mbed.ar(FileBase.o)
    0x00006010   0x00000038   Code   RO         3148    i._ZN4mbed8FileBase6lookupEPKcj  mbed.ar(FileBase.o)
    0x00006048   0x00000024   Code   RO         3150    i._ZN4mbed8FileBaseC1EPKcNS_8PathTypeE  mbed.ar(FileBase.o)
    0x0000606c   0x00000038   Code   RO         3152    i._ZN4mbed8FileBaseD1Ev  mbed.ar(FileBase.o)
    0x000060a4   0x00000024   Code   RO         3176    i._ZN4mbed8FileLikeC2EPKc  mbed.ar(FileLike.o)
    0x000060c8   0x00000012   Code   RO         3178    i._ZN4mbed8FileLikeD2Ev  mbed.ar(FileLike.o)
    0x000060da   0x00000018   Code   RO         2465    i._ZN4mbed8FilePath10fileSystemEv  mbed.ar(FilePath.o)
    0x000060f2   0x0000001c   Code   RO         2467    i._ZN4mbed8FilePath4fileEv  mbed.ar(FilePath.o)
    0x0000610e   0x0000000a   Code   RO         2468    i._ZN4mbed8FilePath6existsEv  mbed.ar(FilePath.o)
    0x00006118   0x00000018   Code   RO         2469    i._ZN4mbed8FilePath6isFileEv  mbed.ar(FilePath.o)
    0x00006130   0x00000004   Code   RO         2470    i._ZN4mbed8FilePath8fileNameEv  mbed.ar(FilePath.o)
    0x00006134   0x00000040   Code   RO         2471    i._ZN4mbed8FilePathC1EPKc  mbed.ar(FilePath.o)
    0x00006174   0x000000a4   Code   RO          612    i._ZN7MYTOUCHC1E7PinNameS0_S0_S0_S0_hPFvvE  mytouch.o
    0x00006218   0x0000001a   Code   RO         2289    i._ZN7MYTOUCHD1Ev   mainmain.o
    0x00006232   0x00000032   Code   RO          147    i._ZN8MMA8451Q10getAccAxisEh  mma8451q.o
    0x00006264   0x0000004c   Code   RO          149    i._ZN8MMA8451Q7getAccXEv  mma8451q.o
    0x000062b0   0x0000004c   Code   RO          150    i._ZN8MMA8451Q7getAccYEv  mma8451q.o
    0x000062fc   0x00000034   Code   RO          152    i._ZN8MMA8451Q8readRegsEiPhi  mma8451q.o
    0x00006330   0x0000001a   Code   RO          154    i._ZN8MMA8451Q9writeRegsEPhi  mma8451q.o
    0x0000634a   0x00000002   PAD
    0x0000634c   0x00000030   Code   RO          155    i._ZN8MMA8451QC1E7PinNameS0_i  mma8451q.o
    0x0000637c   0x00000008   Code   RO         3585    i._Znaj             cpprt_w.l(array_new.o)
    0x00006384   0x00000028   Code   RO         3592    i._Znwj             cpprt_w.l(new.o)
    0x000063ac   0x00000030   Code   RO         4210    i.__ARM_fpclassify  m_wm.l(fpclassify.o)
    0x000063dc   0x00000006   Code   RO         3596    i.__cxa_pure_virtual  cpprt_w.l(pure_virt.o)
    0x000063e2   0x0000007a   Code   RO         3759    i.__hardfp_sqrt     m_wm.l(sqrt.o)
    0x0000645c   0x000000a4   Code   RO         2179    i.__sti___12_mainMain_cpp_acc  mainmain.o
    0x00006500   0x00000010   Code   RO          133    i.__user_setup_stackheap  sys.o
    0x00006510   0x0000000e   Code   RO         3495    i._is_digit         c_w.l(__printf_wp.o)
    0x0000651e   0x00000002   PAD
    0x00006520   0x0000002c   Code   RO           27    i._sys_close        retarget.o
    0x0000654c   0x00000028   Code   RO           30    i._sys_flen         retarget.o
    0x00006574   0x00000028   Code   RO           31    i._sys_istty        retarget.o
    0x0000659c   0x0000013c   Code   RO           32    i._sys_open         retarget.o
    0x000066d8   0x00000028   Code   RO           34    i._sys_seek         retarget.o
    0x00006700   0x00000060   Code   RO           35    i._sys_write        retarget.o
    0x00006760   0x000000a4   Code   RO         3302    i.clock_hal_get_clock_divider  mbed.ar(fsl_sim_hal.o)
    0x00006804   0x000000e0   Code   RO         3272    i.clock_hal_get_fllclk  mbed.ar(fsl_mcg_hal.o)
    0x000068e4   0x00000030   Code   RO         3273    i.clock_hal_get_irclk  mbed.ar(fsl_mcg_hal.o)
    0x00006914   0x000000c0   Code   RO         3274    i.clock_hal_get_outclk  mbed.ar(fsl_mcg_hal.o)
    0x000069d4   0x00000044   Code   RO         3275    i.clock_hal_get_pll0clk  mbed.ar(fsl_mcg_hal.o)
    0x00006a18   0x00000094   Code   RO         3308    i.clock_hal_set_gate  mbed.ar(fsl_sim_hal.o)
    0x00006aac   0x0000000c   Code   RO         2745    i.clock_manager_get_frequency  mbed.ar(fsl_clock_manager.o)
    0x00006ab8   0x00000098   Code   RO         2746    i.clock_manager_get_frequency_by_name  mbed.ar(fsl_clock_manager.o)
    0x00006b50   0x00000068   Code   RO         2749    i.clock_manager_get_system_clock  mbed.ar(fsl_clock_manager.o)
    0x00006bb8   0x00000018   Code   RO         2750    i.clock_manager_set_gate  mbed.ar(fsl_clock_manager.o)
    0x00006bd0   0x000000c4   Code   RO         3239    i.dspi_hal_configure_data_format  mbed.ar(fsl_dspi_hal.o)
    0x00006c94   0x000000b4   Code   RO         3240    i.dspi_hal_configure_delays  mbed.ar(fsl_dspi_hal.o)
    0x00006d48   0x000000e4   Code   RO         3249    i.dspi_hal_set_baud  mbed.ar(fsl_dspi_hal.o)
    0x00006e2c   0x00000088   Code   RO         3252    i.dspi_hal_write_data_master_mode  mbed.ar(fsl_dspi_hal.o)
    0x00006eb4   0x00000018   Code   RO         3359    i.error             mbed.ar(error.o)
    0x00006ecc   0x00000020   Code   RO         3378    i.exit              mbed.ar(exit.o)
    0x00006eec   0x0000001a   Code   RO         3524    i.fputc             c_w.l(fputc.o)
    0x00006f06   0x00000002   PAD
    0x00006f08   0x00000058   Code   RO         3019    i.gpio_dir          mbed.ar(gpio_api.o)
    0x00006f60   0x00000070   Code   RO         2349    i.gpio_hal_set_pin_direction  mbed.ar(fsl_gpio_hal.o)
    0x00006fd0   0x0000006c   Code   RO         2350    i.gpio_hal_write_pin_output  mbed.ar(fsl_gpio_hal.o)
    0x0000703c   0x00000084   Code   RO         3020    i.gpio_init         mbed.ar(gpio_api.o)
    0x000070c0   0x00000026   Code   RO         2724    i.gpio_init_in      mbed.ar(gpio.o)
    0x000070e6   0x00000002   PAD
    0x000070e8   0x00000050   Code   RO         2727    i.gpio_init_out     mbed.ar(gpio.o)
    0x00007138   0x00000008   Code   RO         3032    i.gpio_irqA         mbed.ar(gpio_irq_api.o)
    0x00007140   0x00000008   Code   RO         3033    i.gpio_irqB         mbed.ar(gpio_irq_api.o)
    0x00007148   0x00000008   Code   RO         3034    i.gpio_irqC         mbed.ar(gpio_irq_api.o)
    0x00007150   0x00000008   Code   RO         3035    i.gpio_irqD         mbed.ar(gpio_irq_api.o)
    0x00007158   0x00000008   Code   RO         3036    i.gpio_irqE         mbed.ar(gpio_irq_api.o)
    0x00007160   0x00000010   Code   RO         3039    i.gpio_irq_free     mbed.ar(gpio_irq_api.o)
    0x00007170   0x000000d4   Code   RO         3040    i.gpio_irq_init     mbed.ar(gpio_irq_api.o)
    0x00007244   0x00000100   Code   RO         3041    i.gpio_irq_set      mbed.ar(gpio_irq_api.o)
    0x00007344   0x00000006   Code   RO         3021    i.gpio_mode         mbed.ar(gpio_api.o)
    0x0000734a   0x00000002   PAD
    0x0000734c   0x000000d8   Code   RO         3042    i.handle_interrupt_in  mbed.ar(gpio_irq_api.o)
    0x00007424   0x000000d8   Code   RO         3072    i.i2c_do_write      mbed.ar(i2c_api.o)
    0x000074fc   0x00000028   Code   RO         3073    i.i2c_frequency     mbed.ar(i2c_api.o)
    0x00007524   0x0000005c   Code   RO         3223    i.i2c_hal_send_start  mbed.ar(fsl_i2c_hal.o)
    0x00007580   0x000000c4   Code   RO         3224    i.i2c_hal_set_baud  mbed.ar(fsl_i2c_hal.o)
    0x00007644   0x00000150   Code   RO         3074    i.i2c_init          mbed.ar(i2c_api.o)
    0x00007794   0x00000124   Code   RO         3075    i.i2c_read          mbed.ar(i2c_api.o)
    0x000078b8   0x00000098   Code   RO         3083    i.i2c_stop          mbed.ar(i2c_api.o)
    0x00007950   0x0000005c   Code   RO         3084    i.i2c_wait_end_rx_transfer  mbed.ar(i2c_api.o)
    0x000079ac   0x00000064   Code   RO         3085    i.i2c_write         mbed.ar(i2c_api.o)
    0x00007a10   0x00000060   Code   RO         3128    i.lptmr_isr         mbed.ar(us_ticker.o)
    0x00007a70   0x000000bc   Code   RO         2180    i.main              mainmain.o
    0x00007b2c   0x00000050   Code   RO         2718    i.mbed_assert_internal  mbed.ar(assert.o)
    0x00007b7c   0x00000060   Code   RO            3    i.mbed_die          board.o
    0x00007bdc   0x00000002   Code   RO           37    i.mbed_main         retarget.o
    0x00007bde   0x00000002   Code   RO           38    i.mbed_sdk_init     retarget.o
    0x00007be0   0x000000a8   Code   RO         3061    i.pin_function      mbed.ar(pinmap.o)
    0x00007c88   0x000000c4   Code   RO         3062    i.pin_mode          mbed.ar(pinmap.o)
    0x00007d4c   0x00000038   Code   RO         3209    i.pinmap_merge      mbed.ar(pinmap_common.o)
    0x00007d84   0x00000058   Code   RO         3210    i.pinmap_peripheral  mbed.ar(pinmap_common.o)
    0x00007ddc   0x00000050   Code   RO         3211    i.pinmap_pinout     mbed.ar(pinmap_common.o)
    0x00007e2c   0x000000e4   Code   RO         2391    i.serial_init       mbed.ar(serial_api.o)
    0x00007f10   0x0000002c   Code   RO         2395    i.serial_putc       mbed.ar(serial_api.o)
    0x00007f3c   0x00000078   Code   RO         3107    i.spi_format        mbed.ar(spi_api.o)
    0x00007fb4   0x0000001c   Code   RO         3109    i.spi_frequency     mbed.ar(spi_api.o)
    0x00007fd0   0x000001ac   Code   RO         3110    i.spi_init          mbed.ar(spi_api.o)
    0x0000817c   0x000000ac   Code   RO         3111    i.spi_master_write  mbed.ar(spi_api.o)
    0x00008228   0x000000a8   Code   RO         2873    i.uart_hal_clear_status_flag  mbed.ar(fsl_uart_hal_status_flags.o)
    0x000082d0   0x00000178   Code   RO         2792    i.uart_hal_init     mbed.ar(fsl_uart_hal_common_configurations.o)
    0x00008448   0x0000004c   Code   RO         2882    i.uart_hal_is_receive_overrun_detected  mbed.ar(fsl_uart_hal_status_flags.o)
    0x00008494   0x00000048   Code   RO         2885    i.uart_hal_is_transmit_data_register_empty  mbed.ar(fsl_uart_hal_status_flags.o)
    0x000084dc   0x00000048   Code   RO         2985    i.uart_hal_putchar  mbed.ar(fsl_uart_hal_transfer_functions.o)
    0x00008524   0x00000002   Code   RO         3129    i.us_ticker_clear_interrupt  mbed.ar(us_ticker.o)
    0x00008526   0x0000000a   Code   RO         3130    i.us_ticker_disable_interrupt  mbed.ar(us_ticker.o)
    0x00008530   0x000000d8   Code   RO         3131    i.us_ticker_init    mbed.ar(us_ticker.o)
    0x00008608   0x00000044   Code   RO         3366    i.us_ticker_irq_handler  mbed.ar(us_ticker_api.o)
    0x0000864c   0x00000020   Code   RO         3132    i.us_ticker_read    mbed.ar(us_ticker.o)
    0x0000866c   0x0000007c   Code   RO         3133    i.us_ticker_set_interrupt  mbed.ar(us_ticker.o)
    0x000086e8   0x00000028   Code   RO         2737    i.wait              mbed.ar(wait_api.o)
    0x00008710   0x0000001c   Code   RO         2738    i.wait_ms           mbed.ar(wait_api.o)
    0x0000872c   0x00000018   Code   RO         2739    i.wait_us           mbed.ar(wait_api.o)
    0x00008744   0x0000002c   Code   RO         4261    locale$$code        c_w.l(lc_numeric_c.o)
    0x00008770   0x0000002c   Code   RO         4326    locale$$code        c_w.l(lc_ctype_c.o)
    0x0000879c   0x00000062   Code   RO         3705    x$fpl$d2f           fz_wm.l(d2f.o)
    0x000087fe   0x00000002   PAD
    0x00008800   0x00000150   Code   RO         3707    x$fpl$dadd          fz_wm.l(daddsub_clz.o)
    0x00008950   0x00000018   Code   RO         3991    x$fpl$dcmpinf       fz_wm.l(dcmpi.o)
    0x00008968   0x000002b0   Code   RO         3714    x$fpl$ddiv          fz_wm.l(ddiv.o)
    0x00008c18   0x0000005e   Code   RO         3717    x$fpl$dfix          fz_wm.l(dfix.o)
    0x00008c76   0x0000002e   Code   RO         3722    x$fpl$dflt          fz_wm.l(dflt_clz.o)
    0x00008ca4   0x00000078   Code   RO         3727    x$fpl$dleqf         fz_wm.l(dleqf.o)
    0x00008d1c   0x00000154   Code   RO         3729    x$fpl$dmul          fz_wm.l(dmul.o)
    0x00008e70   0x0000009c   Code   RO         3993    x$fpl$dnaninf       fz_wm.l(dnaninf.o)
    0x00008f0c   0x0000000c   Code   RO         3995    x$fpl$dretinf       fz_wm.l(dretinf.o)
    0x00008f18   0x0000006c   Code   RO         3731    x$fpl$drleqf        fz_wm.l(drleqf.o)
    0x00008f84   0x00000198   Code   RO         3997    x$fpl$dsqrt         fz_wm.l(dsqrt_umaal.o)
    0x0000911c   0x000001d4   Code   RO         3709    x$fpl$dsub          fz_wm.l(daddsub_clz.o)
    0x000092f0   0x00000056   Code   RO         3733    x$fpl$f2d           fz_wm.l(f2d.o)
    0x00009346   0x0000008c   Code   RO         3999    x$fpl$fnaninf       fz_wm.l(fnaninf.o)
    0x000093d2   0x0000000a   Code   RO         4202    x$fpl$fpinit        fz_wm.l(fpinit.o)
    0x000093dc   0x0000000a   Code   RO         4001    x$fpl$fretinf       fz_wm.l(fretinf.o)
    0x000093e6   0x00000004   Code   RO         4003    x$fpl$printf1       fz_wm.l(printf1.o)
    0x000093ea   0x00000004   Code   RO         4005    x$fpl$printf2       fz_wm.l(printf2.o)
    0x000093ee   0x00000000   Code   RO         4013    x$fpl$usenofp       fz_wm.l(usenofp.o)
    0x000093ee   0x00000002   PAD
    0x000093f0   0x00000081   Data   RO            4    .constdata          board.o
    0x00009471   0x00000017   Data   RO           75    .constdata          retarget.o
    0x00009488   0x00000308   Data   RO          816    .constdata          graphicsdisplay.o
    0x00009790   0x00009e50   Data   RO         2198    .constdata          mainmain.o
    0x000135e0   0x0000010c   Data   RO         2351    .constdata          mbed.ar(fsl_gpio_hal.o)
    0x000136ec   0x0000006f   Data   RO         2404    .constdata          mbed.ar(serial_api.o)
    0x0001375b   0x00000001   PAD
    0x0001375c   0x00000081   Data   RO         2729    .constdata          mbed.ar(gpio.o)
    0x000137dd   0x00000003   PAD
    0x000137e0   0x000000d0   Data   RO         2798    .constdata          mbed.ar(fsl_uart_hal_common_configurations.o)
    0x000138b0   0x000000a4   Data   RO         2886    .constdata          mbed.ar(fsl_uart_hal_status_flags.o)
    0x00013954   0x000000a8   Data   RO         2988    .constdata          mbed.ar(fsl_uart_hal_transfer_functions.o)
    0x000139fc   0x00000060   Data   RO         3006    .constdata          mbed.ar(PeripheralPins.o)
    0x00013a5c   0x0000006c   Data   RO         3007    .constdata          mbed.ar(PeripheralPins.o)
    0x00013ac8   0x00000090   Data   RO         3008    .constdata          mbed.ar(PeripheralPins.o)
    0x00013b58   0x00000090   Data   RO         3009    .constdata          mbed.ar(PeripheralPins.o)
    0x00013be8   0x00000060   Data   RO         3010    .constdata          mbed.ar(PeripheralPins.o)
    0x00013c48   0x0000006c   Data   RO         3011    .constdata          mbed.ar(PeripheralPins.o)
    0x00013cb4   0x0000006c   Data   RO         3012    .constdata          mbed.ar(PeripheralPins.o)
    0x00013d20   0x00000060   Data   RO         3013    .constdata          mbed.ar(PeripheralPins.o)
    0x00013d80   0x00000100   Data   RO         3023    .constdata          mbed.ar(gpio_api.o)
    0x00013e80   0x00000120   Data   RO         3044    .constdata          mbed.ar(gpio_irq_api.o)
    0x00013fa0   0x0000012c   Data   RO         3063    .constdata          mbed.ar(pinmap.o)
    0x000140cc   0x000001d8   Data   RO         3086    .constdata          mbed.ar(i2c_api.o)
    0x000142a4   0x0000013c   Data   RO         3115    .constdata          mbed.ar(spi_api.o)
    0x000143e0   0x000001f0   Data   RO         3227    .constdata          mbed.ar(fsl_i2c_hal.o)
    0x000145d0   0x00000178   Data   RO         3253    .constdata          mbed.ar(fsl_dspi_hal.o)
    0x00014748   0x00000018   Data   RO         3286    .constdata          mbed.ar(fsl_sim_clock_module_names_K64F12.o)
    0x00014760   0x00000234   Data   RO         3287    .constdata          mbed.ar(fsl_sim_clock_module_names_K64F12.o)
    0x00014994   0x0000007c   Data   RO         3328    .constdata          mbed.ar(fsl_sim_hal.o)
    0x00014a10   0x00000028   Data   RO         3483    .constdata          c_w.l(_printf_hex_int_ll_ptr.o)
    0x00014a38   0x00000011   Data   RO         3503    .constdata          c_w.l(__printf_flags_ss_wp.o)
    0x00014a49   0x00000003   PAD
    0x00014a4c   0x00000008   Data   RO         3828    .constdata          c_w.l(_printf_wctomb.o)
    0x00014a54   0x00000026   Data   RO         4086    .constdata          c_w.l(_printf_fp_hex.o)
    0x00014a7a   0x00000002   PAD
    0x00014a7c   0x00000094   Data   RO         4234    .constdata          c_w.l(bigflt0.o)
    0x00014b10   0x00000064   Data   RO         1196    .constdata__ZTV11TextDisplay  textdisplay.o
    0x00014b74   0x00000084   Data   RO          876    .constdata__ZTV15GraphicsDisplay  graphicsdisplay.o
    0x00014bf8   0x00000084   Data   RO         1090    .constdata__ZTV15SPI_TFT_ILI9341  spi_tft_ili9341.o
    0x00014c7c   0x0000002c   Data   RO          122    .constdata__ZTVN4mbed10FileHandleE  retarget.o
    0x00014ca8   0x00000010   Data   RO         2619    .constdata__ZTVN4mbed11InterruptInE  mbed.ar(InterruptIn.o)
    0x00014cb8   0x00000014   Data   RO         2643    .constdata__ZTVN4mbed3SPIE  mbed.ar(SPI.o)
    0x00014ccc   0x00000044   Data   RO         2713    .constdata__ZTVN4mbed6StreamE  mbed.ar(Stream.o)
    0x00014d10   0x00000010   Data   RO         3171    .constdata__ZTVN4mbed8FileBaseE  mbed.ar(FileBase.o)
    0x00014d20   0x0000003c   Data   RO         3194    .constdata__ZTVN4mbed8FileLikeE  mbed.ar(FileLike.o)
    0x00014d5c   0x00000052   Data   RO          615    .conststring        mytouch.o
    0x00014dae   0x00000002   PAD
    0x00014db0   0x00000020   Data   RO         4377    Region$$Table       anon$$obj.o
    0x00014dd0   0x0000001c   Data   RO         4260    locale$$data        c_w.l(lc_numeric_c.o)
    0x00014dec   0x00000110   Data   RO         4325    locale$$data        c_w.l(lc_ctype_c.o)
    0x00014efc   0x00000004   Data   RO         2201    .init_array         mainmain.o
    0x00014f00   0x00000000   Data   RO         3580    .init_array         c_w.l(init_aeabi.o)


    Execution Region RW_IRAM1 (Base: 0x1fff0198, Size: 0x00000590, Max: 0x0003fe68, ABSOLUTE)

    Base Addr    Size         Type   Attr      Idx    E Section Name        Object

    0x1fff0198   0x00000048   Data   RW         2200    .data               mainmain.o
    0x1fff01e0   0x0000000c   Data   RW         2405    .data               mbed.ar(serial_api.o)
    0x1fff01ec   0x00000004   Data   RW         2568    .data               mbed.ar(I2C.o)
    0x1fff01f0   0x00000004   Data   RW         2634    .data               mbed.ar(SPI.o)
    0x1fff01f4   0x00000053   Data   RW         2752    .data               mbed.ar(fsl_clock_manager.o)
    0x1fff0247   0x00000001   PAD
    0x1fff0248   0x00000004   Data   RW         3045    .data               mbed.ar(gpio_irq_api.o)
    0x1fff024c   0x0000000c   Data   RW         3135    .data               mbed.ar(us_ticker.o)
    0x1fff0258   0x00000004   Data   RW         3160    .data               mbed.ar(FileBase.o)
    0x1fff025c   0x00000008   Data   RW         3369    .data               mbed.ar(us_ticker_api.o)
    0x1fff0264   0x00000004   Data   RW         3538    .data               c_w.l(stdio_streams.o)
    0x1fff0268   0x00000004   Data   RW         3539    .data               c_w.l(stdio_streams.o)
    0x1fff026c   0x00000004   Data   RW         3540    .data               c_w.l(stdio_streams.o)
    0x1fff0270   0x00000004   Data   RW         4151    .data               c_w.l(heapauxa.o)
    0x1fff0274   0x00000040   Zero   RW           74    .bss                retarget.o
    0x1fff02b4   0x000000d0   Zero   RW         2197    .bss                mainmain.o
    0x1fff0384   0x00000280   Zero   RW         3043    .bss                mbed.ar(gpio_irq_api.o)
    0x1fff0604   0x00000054   Zero   RW         3535    .bss                c_w.l(stdio_streams.o)
    0x1fff0658   0x00000054   Zero   RW         3536    .bss                c_w.l(stdio_streams.o)
    0x1fff06ac   0x00000054   Zero   RW         3537    .bss                c_w.l(stdio_streams.o)
    0x1fff0700   0x00000004   Zero   RW         3775    .bss                c_w.l(rt_heap_descriptor.o)
    0x1fff0704   0x00000004   Zero   RW         3780    .bss                c_w.l(rt_new_handler_addr.o)
    0x1fff0708   0x00000004   Zero   RW         3785    .bss                c_w.l(rt_ddtor_pointer_addr.o)
    0x1fff070c   0x00000004   Zero   RW         4067    .bss                c_w.l(rt_errno_addr.o)
    0x1fff0710   0x00000014   Zero   RW         4220    .bss                c_w.l(rt_locale.o)
    0x1fff0724   0x00000004   Zero   RW         4225    .bss                c_w.l(rt_eh_globals_addr.o)


==============================================================================

Image component sizes


      Code (inc. data)   RO Data    RW Data    ZI Data      Debug   Object Name

        96          4        129          0          0        124   board.o
       104          8          0          0          0        132   cmsis_nvic.o
       356         10        908          0          0      11800   graphicsdisplay.o
      7374        630      40532         72        208      26357   mainmain.o
        12          0          0          0          0        124   mbed_overrides.o
       328         20          0          0          0      20462   mma8451q.o
       252         38         82          0          0       6452   mytouch.o
       704         70         67          0         64       1372   retarget.o
       100         34          0          0          0       1796   spi_stmpe610.o
      2772         12        132          0          0      21772   spi_tft_ili9341.o
        52         24       1024          0          0        276   startup_MK64F12.o
        16          6          0          0          0        116   sys.o
       236         32          0          0          0        116   system_MK64F12.o
       190         10        100          0          0       6728   textdisplay.o

    ----------------------------------------------------------------------
     12602        898      43008         72        272      97627   Object Totals
         0          0         32          0          0          0   (incl. Generated)
        10          0          2          0          0          0   (incl. Padding)

    ----------------------------------------------------------------------

      Code (inc. data)   RO Data    RW Data    ZI Data      Debug   Library Member Name

        60          8          0          0          0         84   __0sscanf.o
        20          0          0          0          0         84   __2fprintf.o
        44          6          0          0          0         84   __2sprintf.o
         8          0          0          0          0         68   __main.o
       392          4         17          0          0         92   __printf_flags_ss_wp.o
        14          0          0          0          0         68   __printf_wp.o
         0          0          0          0          0          0   __rtentry.o
        12          0          0          0          0          0   __rtentry2.o
         6          0          0          0          0          0   __rtentry4.o
        52          8          0          0          0          0   __scatter.o
        26          0          0          0          0          0   __scatter_copy.o
        28          0          0          0          0          0   __scatter_zi.o
        28          0          0          0          0         68   _chval.o
         6          0          0          0          0          0   _printf_a.o
         6          0          0          0          0          0   _printf_c.o
        44          0          0          0          0        108   _printf_char.o
        48          6          0          0          0         96   _printf_char_common.o
        36          4          0          0          0         80   _printf_char_file.o
        40          0          0          0          0         68   _printf_charcount.o
         6          0          0          0          0          0   _printf_d.o
       120         16          0          0          0         92   _printf_dec.o
         6          0          0          0          0          0   _printf_e.o
         6          0          0          0          0          0   _printf_f.o
      1050          0          0          0          0        216   _printf_fp_dec.o
       764          8         38          0          0        100   _printf_fp_hex.o
       128         16          0          0          0         84   _printf_fp_infnan.o
         6          0          0          0          0          0   _printf_g.o
       148          4         40          0          0        160   _printf_hex_int_ll_ptr.o
         6          0          0          0          0          0   _printf_i.o
       178          0          0          0          0         88   _printf_intcommon.o
        10          0          0          0          0          0   _printf_l.o
         6          0          0          0          0          0   _printf_lc.o
        10          0          0          0          0          0   _printf_ll.o
         6          0          0          0          0          0   _printf_lld.o
         6          0          0          0          0          0   _printf_lli.o
         6          0          0          0          0          0   _printf_llo.o
         6          0          0          0          0          0   _printf_llu.o
         6          0          0          0          0          0   _printf_llx.o
       124         16          0          0          0         92   _printf_longlong_dec.o
         6          0          0          0          0          0   _printf_ls.o
         6          0          0          0          0          0   _printf_n.o
         6          0          0          0          0          0   _printf_o.o
       112         10          0          0          0        124   _printf_oct_int_ll.o
         6          0          0          0          0          0   _printf_p.o
        78          0          0          0          0        108   _printf_pad.o
         0          0          0          0          0          0   _printf_percent.o
         4          0          0          0          0          0   _printf_percent_end.o
         6          0          0          0          0          0   _printf_s.o
        82          0          0          0          0         80   _printf_str.o
        36          0          0          0          0         84   _printf_truncate.o
         6          0          0          0          0          0   _printf_u.o
        44          0          0          0          0        108   _printf_wchar.o
       188          6          8          0          0         92   _printf_wctomb.o
         6          0          0          0          0          0   _printf_x.o
        22          0          0          0          0        100   _rserrno.o
       884          6          0          0          0        100   _scanf.o
       332          0          0          0          0         96   _scanf_int.o
        64          0          0          0          0         84   _sgetc.o
        10          0          0          0          0         68   _sputc.o
        64          0          0          0          0         92   _wcrtomb.o
        22          0          0          0          0         80   abort.o
        46          0          0          0          0         84   aeabi_atexit.o
       128         42          0          0          0         76   assert.o
        24          6          0          0          0         80   assert_stdio.o
       220          4        148          0          0         96   bigflt0.o
      1910        128          0          0          0        672   btod.o
        10          0          0          0          0         68   c89vfprintf.o
        66          0          0          0          0         84   cxa_finalize.o
        48         34          0          0          0         76   defsig_abrt_inner.o
        14          0          0          0          0         80   defsig_abrt_outer.o
        10          0          0          0          0         68   defsig_exit.o
        50          0          0          0          0         88   defsig_general.o
        48         34          0          0          0         76   defsig_pvfn_inner.o
        14          0          0          0          0         80   defsig_pvfn_outer.o
        80         58          0          0          0         76   defsig_rtmem_inner.o
        14          0          0          0          0         80   defsig_rtmem_outer.o
        52         38          0          0          0         76   defsig_rtred_inner.o
        14          0          0          0          0         80   defsig_rtred_outer.o
        76          0          0          0          0         88   fclose.o
         8          0          0          0          0         68   ferror.o
       100          4          0          0          0        120   fflush.o
       470          0          0          0          0         88   flsbuf.o
       236          4          0          0          0        128   fopen.o
        26          0          0          0          0         68   fputc.o
        34          0          0          0          0         80   fputs.o
       248          6          0          0          0         84   fseek.o
        66          0          0          0          0         76   ftell.o
        94          0          0          0          0         80   h1_alloc.o
        52          0          0          0          0         68   h1_extend.o
        78          0          0          0          0         80   h1_free.o
        14          0          0          0          0         84   h1_init.o
        80          6          0          4          0         96   heapauxa.o
         4          0          0          0          0        136   hguard.o
         0          0          0          0          0          0   indicate_semi.o
        36         10          0          0          0         80   init_aeabi.o
       138          0          0          0          0        168   init_alloc.o
       312         46          0          0          0        112   initio.o
        18          0          0          0          0         76   isspace.o
        44         10        272          0          0         76   lc_ctype_c.o
        44         10         28          0          0         76   lc_numeric_c.o
         2          0          0          0          0          0   libinit.o
        50          0          0          0          0          0   libinit2.o
         0          0          0          0          0          0   libshutdown2.o
       138          0          0          0          0         80   lludiv10.o
         0          0          0          0          0          0   maybetermalloc1.o
        16          4          0          0          0         76   rt_ctype_table.o
         8          4          0          0          4         68   rt_ddtor_pointer_addr.o
         8          4          0          0          4         68   rt_eh_globals_addr.o
         8          4          0          0          4         68   rt_errno_addr.o
         8          4          0          0          4         68   rt_heap_descriptor.o
         8          4          0          0         20         68   rt_locale.o
        78          0          0          0          0         80   rt_memclr_w.o
       100          0          0          0          0         80   rt_memcpy_w.o
       122          0          0          0          0         80   rt_memmove_w.o
         8          4          0          0          4         68   rt_new_handler_addr.o
        44          8          0          0          0         84   scanf_char.o
        20          0          0          0          0         68   setbuf.o
        70          0          0          0          0         80   setvbuf.o
       240          6          0          0          0        156   stdio.o
         0          0          0         12        252          0   stdio_streams.o
       128          0          0          0          0         68   strcmpv7m.o
        62          0          0          0          0         76   strlen.o
       150          0          0          0          0         80   strncmp.o
        12          4          0          0          0         68   sys_exit.o
        14          0          0          0          0         76   sys_wrch.o
         2          0          0          0          0         68   use_no_semi.o
        10          0          0          0          0         68   vfprintf.o
        80         12          0          0          0        104   arm_exceptions_globs.o
        60          0          0          0          0        108   arm_exceptions_mem.o
        26          0          0          0          0         76   arm_exceptions_terminate.o
         4          0          0          0          0         68   arm_newhandler_noexceptions.o
         8          0          0          0          0         76   array_new.o
        40          6          0          0          0         76   new.o
         6          0          0          0          0         68   pure_virt.o
        98          4          0          0          0        140   d2f.o
       804         16          0          0          0        368   daddsub_clz.o
        24          0          0          0          0        116   dcmpi.o
       688        140          0          0          0        256   ddiv.o
        94          4          0          0          0        140   dfix.o
        46          0          0          0          0        116   dflt_clz.o
       120          4          0          0          0        140   dleqf.o
       340         12          0          0          0        152   dmul.o
       156          4          0          0          0        140   dnaninf.o
        12          0          0          0          0        116   dretinf.o
       108          0          0          0          0        128   drleqf.o
       408         56          0          0          0        168   dsqrt_umaal.o
        86          4          0          0          0        132   f2d.o
       140          4          0          0          0        132   fnaninf.o
        10          0          0          0          0        116   fpinit.o
        10          0          0          0          0        116   fretinf.o
         4          0          0          0          0        116   printf1.o
         4          0          0          0          0        116   printf2.o
         0          0          0          0          0          0   usenofp.o
        48          0          0          0          0        124   fpclassify.o
       122          0          0          0          0        148   sqrt.o
       152         24         16          4          0        476   FileBase.o
        54         10         60          0          0        252   FileLike.o
       154          0          0          0          0        728   FilePath.o
        42          0          0          0          0        348   FunctionPointer.o
       180         18          0          4          0        396   I2C.o
       168         14         16          0          0        504   InterruptIn.o
         0          0        900          0          0          0   PeripheralPins.o
       196         20         20          4          0        520   SPI.o
       188         18         68          0          0        992   Stream.o
        80         56          0          0          0        128   assert.o
        24          4          0          0          0        128   error.o
        32          8          0          0          0        120   exit.o
       292         48          0         83          0        500   fsl_clock_manager.o
       740        118        376          0          0        532   fsl_dspi_hal.o
       220        114        268          0          0        248   fsl_gpio_hal.o
       288         62        496          0          0        264   fsl_i2c_hal.o
       532         62          0          0          0        516   fsl_mcg_hal.o
         0          0        588          0          0          0   fsl_sim_clock_module_names_K64F12.o
       312         94        124          0          0        252   fsl_sim_hal.o
       376         44        208          0          0        132   fsl_uart_hal_common_configurations.o
       316        152        164          0          0        372   fsl_uart_hal_status_flags.o
        72         44        168          0          0        124   fsl_uart_hal_transfer_functions.o
       118          6        129          0          0        276   gpio.o
       226         90        256          0          0        388   gpio_api.o
       740        198        288          4        640       1100   gpio_irq_api.o
      1228        238        472          0          0        912   i2c_api.o
       364        114        300          0          0        256   pinmap.o
       224         76          0          0          0        384   pinmap_common.o
       272         40        111         12          0        280   serial_api.o
       748        120        316          0          0        560   spi_api.o
       480         70          0         12          0        768   us_ticker.o
        68          6          0          8          0        136   us_ticker_api.o
        92          4          0          0          0        384   wait_api.o

    ----------------------------------------------------------------------
     24246       2742       5904        148        932      25048   Library Totals
        38          0          9          1          0          0   (incl. Padding)

    ----------------------------------------------------------------------

      Code (inc. data)   RO Data    RW Data    ZI Data      Debug   Library Name

     11684        604        551         16        292       8516   c_w.l
       224         18          0          0          0        576   cpprt_w.l
      3152        248          0          0          0       2708   fz_wm.l
       170          0          0          0          0        272   m_wm.l
      8978       1872       5344        131        640      12976   mbed.ar

    ----------------------------------------------------------------------
     24246       2742       5904        148        932      25048   Library Totals

    ----------------------------------------------------------------------

==============================================================================


      Code (inc. data)   RO Data    RW Data    ZI Data      Debug   

     36848       3640      48912        220       1204      98671   Grand Totals
     36848       3640      48912        220       1204      98671   ELF Image Totals
     36848       3640      48912        220          0          0   ROM Totals

==============================================================================

    Total RO  Size (Code + RO Data)                85760 (  83.75kB)
    Total RW  Size (RW Data + ZI Data)              1424 (   1.39kB)
    Total ROM Size (Code + RO Data + RW Data)      85980 (  83.96kB)

==============================================================================

